Archive member included to satisfy reference by file (symbol)

/usr/local/gcc_arm/gcc-arm-none-eabi-7-2017-q4-major/bin/../lib/gcc/arm-none-eabi/7.2.1/../../../../arm-none-eabi/lib/thumb/v7e-m/fpv4-sp/hard/libc_nano.a(lib_a-assert.o)
                              build/jtag_low_level.o (__assert_func)
/usr/local/gcc_arm/gcc-arm-none-eabi-7-2017-q4-major/bin/../lib/gcc/arm-none-eabi/7.2.1/../../../../arm-none-eabi/lib/thumb/v7e-m/fpv4-sp/hard/libc_nano.a(lib_a-atoi.o)
                              build/netdb.o (atoi)
/usr/local/gcc_arm/gcc-arm-none-eabi-7-2017-q4-major/bin/../lib/gcc/arm-none-eabi/7.2.1/../../../../arm-none-eabi/lib/thumb/v7e-m/fpv4-sp/hard/libc_nano.a(lib_a-errno.o)
                              build/binary_download.o (__errno)
/usr/local/gcc_arm/gcc-arm-none-eabi-7-2017-q4-major/bin/../lib/gcc/arm-none-eabi/7.2.1/../../../../arm-none-eabi/lib/thumb/v7e-m/fpv4-sp/hard/libc_nano.a(lib_a-exit.o)
                              /usr/local/gcc_arm/gcc-arm-none-eabi-7-2017-q4-major/bin/../lib/gcc/arm-none-eabi/7.2.1/../../../../arm-none-eabi/lib/thumb/v7e-m/fpv4-sp/hard/crt0.o (exit)
/usr/local/gcc_arm/gcc-arm-none-eabi-7-2017-q4-major/bin/../lib/gcc/arm-none-eabi/7.2.1/../../../../arm-none-eabi/lib/thumb/v7e-m/fpv4-sp/hard/libc_nano.a(lib_a-fflush.o)
                              build/main.o (fflush)
/usr/local/gcc_arm/gcc-arm-none-eabi-7-2017-q4-major/bin/../lib/gcc/arm-none-eabi/7.2.1/../../../../arm-none-eabi/lib/thumb/v7e-m/fpv4-sp/hard/libc_nano.a(lib_a-findfp.o)
                              /usr/local/gcc_arm/gcc-arm-none-eabi-7-2017-q4-major/bin/../lib/gcc/arm-none-eabi/7.2.1/../../../../arm-none-eabi/lib/thumb/v7e-m/fpv4-sp/hard/libc_nano.a(lib_a-fflush.o) (__sinit)
/usr/local/gcc_arm/gcc-arm-none-eabi-7-2017-q4-major/bin/../lib/gcc/arm-none-eabi/7.2.1/../../../../arm-none-eabi/lib/thumb/v7e-m/fpv4-sp/hard/libc_nano.a(lib_a-fprintf.o)
                              build/wakaama.o (fprintf)
/usr/local/gcc_arm/gcc-arm-none-eabi-7-2017-q4-major/bin/../lib/gcc/arm-none-eabi/7.2.1/../../../../arm-none-eabi/lib/thumb/v7e-m/fpv4-sp/hard/libc_nano.a(lib_a-fputc.o)
                              build/object_target.o (fputc)
/usr/local/gcc_arm/gcc-arm-none-eabi-7-2017-q4-major/bin/../lib/gcc/arm-none-eabi/7.2.1/../../../../arm-none-eabi/lib/thumb/v7e-m/fpv4-sp/hard/libc_nano.a(lib_a-fwalk.o)
                              /usr/local/gcc_arm/gcc-arm-none-eabi-7-2017-q4-major/bin/../lib/gcc/arm-none-eabi/7.2.1/../../../../arm-none-eabi/lib/thumb/v7e-m/fpv4-sp/hard/libc_nano.a(lib_a-findfp.o) (_fwalk)
/usr/local/gcc_arm/gcc-arm-none-eabi-7-2017-q4-major/bin/../lib/gcc/arm-none-eabi/7.2.1/../../../../arm-none-eabi/lib/thumb/v7e-m/fpv4-sp/hard/libc_nano.a(lib_a-fwrite.o)
                              build/wakaama.o (fwrite)
/usr/local/gcc_arm/gcc-arm-none-eabi-7-2017-q4-major/bin/../lib/gcc/arm-none-eabi/7.2.1/../../../../arm-none-eabi/lib/thumb/v7e-m/fpv4-sp/hard/libc_nano.a(lib_a-impure.o)
                              /usr/local/gcc_arm/gcc-arm-none-eabi-7-2017-q4-major/bin/../lib/gcc/arm-none-eabi/7.2.1/../../../../arm-none-eabi/lib/thumb/v7e-m/fpv4-sp/hard/libc_nano.a(lib_a-exit.o) (_global_impure_ptr)
/usr/local/gcc_arm/gcc-arm-none-eabi-7-2017-q4-major/bin/../lib/gcc/arm-none-eabi/7.2.1/../../../../arm-none-eabi/lib/thumb/v7e-m/fpv4-sp/hard/libc_nano.a(lib_a-init.o)
                              /usr/local/gcc_arm/gcc-arm-none-eabi-7-2017-q4-major/bin/../lib/gcc/arm-none-eabi/7.2.1/../../../../arm-none-eabi/lib/thumb/v7e-m/fpv4-sp/hard/crt0.o (__libc_init_array)
/usr/local/gcc_arm/gcc-arm-none-eabi-7-2017-q4-major/bin/../lib/gcc/arm-none-eabi/7.2.1/../../../../arm-none-eabi/lib/thumb/v7e-m/fpv4-sp/hard/libc_nano.a(lib_a-locale.o)
                              build/uri.o (__locale_ctype_ptr)
/usr/local/gcc_arm/gcc-arm-none-eabi-7-2017-q4-major/bin/../lib/gcc/arm-none-eabi/7.2.1/../../../../arm-none-eabi/lib/thumb/v7e-m/fpv4-sp/hard/libc_nano.a(lib_a-malloc.o)
                              build/usbh_msc.o (malloc)
/usr/local/gcc_arm/gcc-arm-none-eabi-7-2017-q4-major/bin/../lib/gcc/arm-none-eabi/7.2.1/../../../../arm-none-eabi/lib/thumb/v7e-m/fpv4-sp/hard/libc_nano.a(lib_a-mbtowc_r.o)
                              /usr/local/gcc_arm/gcc-arm-none-eabi-7-2017-q4-major/bin/../lib/gcc/arm-none-eabi/7.2.1/../../../../arm-none-eabi/lib/thumb/v7e-m/fpv4-sp/hard/libc_nano.a(lib_a-locale.o) (__ascii_mbtowc)
/usr/local/gcc_arm/gcc-arm-none-eabi-7-2017-q4-major/bin/../lib/gcc/arm-none-eabi/7.2.1/../../../../arm-none-eabi/lib/thumb/v7e-m/fpv4-sp/hard/libc_nano.a(lib_a-memchr.o)
                              build/er-coap-13.o (memchr)
/usr/local/gcc_arm/gcc-arm-none-eabi-7-2017-q4-major/bin/../lib/gcc/arm-none-eabi/7.2.1/../../../../arm-none-eabi/lib/thumb/v7e-m/fpv4-sp/hard/libc_nano.a(lib_a-memcmp.o)
                              build/ethernet.o (memcmp)
[...]
Memory Configuration

Name             Origin             Length             Attributes
RAM              0x0000000020000000 0x0000000000030000 xrw
CCMRAM           0x0000000010000000 0x0000000000010000 rw
FLASH            0x0000000008000000 0x0000000000200000 xr
*default*        0x0000000000000000 0xffffffffffffffff

Linker script and memory map

LOAD /usr/local/gcc_arm/gcc-arm-none-eabi-7-2017-q4-major/bin/../lib/gcc/arm-none-eabi/7.2.1/thumb/v7e-m/fpv4-sp/hard/crti.o
LOAD /usr/local/gcc_arm/gcc-arm-none-eabi-7-2017-q4-major/bin/../lib/gcc/arm-none-eabi/7.2.1/thumb/v7e-m/fpv4-sp/hard/crtbegin.o
LOAD /usr/local/gcc_arm/gcc-arm-none-eabi-7-2017-q4-major/bin/../lib/gcc/arm-none-eabi/7.2.1/../../../../arm-none-eabi/lib/thumb/v7e-m/fpv4-sp/hard/crt0.o
LOAD build/usbh_diskio.o
LOAD build/fatfs.o
LOAD build/freertos.o
LOAD build/usb_host.o
LOAD build/usbh_conf.o
LOAD build/stm32f4xx_hal_eth.o
LOAD build/stm32f4xx_hal_hcd.o
LOAD build/stm32f4xx_ll_usb.o
LOAD build/stm32f4xx_hal_tim.o
LOAD build/stm32f4xx_hal_tim_ex.o
LOAD build/stm32f4xx_hal_uart.o
LOAD build/stm32f4xx_hal_rcc.o
LOAD build/stm32f4xx_hal_rcc_ex.o
LOAD build/stm32f4xx_hal_flash.o
LOAD build/stm32f4xx_hal_flash_ex.o
LOAD build/stm32f4xx_hal_flash_ramfunc.o
LOAD build/stm32f4xx_hal_gpio.o
LOAD build/stm32f4xx_hal_dma_ex.o
LOAD build/stm32f4xx_hal_dma.o
LOAD build/stm32f4xx_hal_pwr.o
LOAD build/stm32f4xx_hal_pwr_ex.o
LOAD build/stm32f4xx_hal_cortex.o
LOAD build/stm32f4xx_hal.o
LOAD build/system_stm32f4xx.o
LOAD build/syscall.o
LOAD build/diskio.o
LOAD build/ff.o
LOAD build/ff_gen_drv.o
LOAD build/heap_4.o
LOAD build/port.o
LOAD build/list.o
LOAD build/timers.o
LOAD build/tasks.o
LOAD build/event_groups.o
LOAD build/croutine.o
LOAD build/queue.o
LOAD build/cmsis_os.o
LOAD build/usbh_core.o
LOAD build/usbh_ctlreq.o
LOAD build/usbh_ioreq.o
LOAD build/usbh_pipes.o
LOAD build/usbh_msc.o
LOAD build/usbh_msc_bot.o
LOAD build/usbh_msc_scsi.o
LOAD build/syscalls.o
LOAD build/auth.o
LOAD build/ccp.o
LOAD build/chap_ms.o
LOAD build/chap-md5.o
LOAD build/chap-new.o
LOAD build/demand.o
LOAD build/eap.o
LOAD build/eui64.o
LOAD build/fsm.o
LOAD build/ipcp.o
LOAD build/ipv6cp.o
LOAD build/lcp.o
LOAD build/magic.o
LOAD build/mppe.o
LOAD build/multilink.o
LOAD build/ppp.o
LOAD build/pppapi.o
LOAD build/pppcrypt.o
LOAD build/pppoe.o
LOAD build/pppol2tp.o
LOAD build/pppos.o
LOAD build/upap.o
LOAD build/utils.o
LOAD build/vj.o
LOAD build/ethernet.o
LOAD build/slipif.o
LOAD build/lowpan6.o
LOAD build/ecp.o
LOAD build/netifapi.o
LOAD build/tcpip.o
LOAD build/netbuf.o
LOAD build/api_msg.o
LOAD build/api_lib.o
LOAD build/netdb.o
LOAD build/sockets.o
LOAD build/err.o
LOAD build/def.o
LOAD build/timeouts.o
LOAD build/netif.o
LOAD build/sys.o
LOAD build/raw.o
LOAD build/pbuf.o
LOAD build/memp.o
LOAD build/tcp.o
LOAD build/tcp_in.o
LOAD build/init.o
LOAD build/mem.o
LOAD build/stats.o
LOAD build/inet_chksum.o
LOAD build/tcp_out.o
LOAD build/udp.o
LOAD build/dns.o
LOAD build/ip.o
LOAD build/autoip.o
LOAD build/ip4.o
LOAD build/etharp.o
LOAD build/dhcp.o
LOAD build/igmp.o
LOAD build/ip4_frag.o
LOAD build/icmp.o
LOAD build/ip4_addr.o
LOAD build/ip6.o
LOAD build/ip6_addr.o
LOAD build/icmp6.o
LOAD build/mld6.o
LOAD build/inet6.o
LOAD build/ethip6.o
LOAD build/ip6_frag.o
LOAD build/dhcp6.o
LOAD build/nd6.o
LOAD build/sys_arch.o
LOAD build/mqtt.o
LOAD build/stm32f4xx_hal_timebase_TIM.o
LOAD build/main.o
LOAD build/lwip.o
LOAD build/ethernetif.o
LOAD build/stm32f4xx_it.o
LOAD build/stm32f4xx_hal_msp.o
LOAD build/dbgu.o
LOAD build/term_io.o
LOAD build/binary_download.o
LOAD build/wakaama.o
LOAD build/yuarel.o
LOAD build/jtag_low_level.o
LOAD build/jtag_scan.o
LOAD build/adiv5_jtag.o
LOAD build/adiv5.o
LOAD build/cortexm.o
LOAD build/stm32f4.o
LOAD build/stm32l4.o
LOAD build/target.o
LOAD build/config_parser.o
LOAD build/liblwm2m.o
LOAD build/wakaama_utils.o
LOAD build/uri.o
LOAD build/objects.o
LOAD build/tlv.o
LOAD build/data.o
LOAD build/wakaama_list.o
LOAD build/packet.o
LOAD build/transaction.o
LOAD build/registration.o
LOAD build/bootstrap.o
LOAD build/management.o
LOAD build/observe.o
LOAD build/json.o
LOAD build/discover.o
LOAD build/block1.o
LOAD build/er-coap-13.o
LOAD build/platform.o
LOAD build/connection.o
LOAD build/object_device.o
LOAD build/object_security.o
LOAD build/object_server.o
LOAD build/object_target.o
LOAD build/startup_stm32f429xx.o
LOAD /usr/local/gcc_arm/gcc-arm-none-eabi-7-2017-q4-major/bin/../lib/gcc/arm-none-eabi/7.2.1/../../../../arm-none-eabi/lib/thumb/v7e-m/fpv4-sp/hard/libc_nano.a
LOAD /usr/local/gcc_arm/gcc-arm-none-eabi-7-2017-q4-major/bin/../lib/gcc/arm-none-eabi/7.2.1/../../../../arm-none-eabi/lib/thumb/v7e-m/fpv4-sp/hard/libm.a
LOAD /usr/local/gcc_arm/gcc-arm-none-eabi-7-2017-q4-major/bin/../lib/gcc/arm-none-eabi/7.2.1/../../../../arm-none-eabi/lib/thumb/v7e-m/fpv4-sp/hard/libnosys.a
START GROUP
LOAD /usr/local/gcc_arm/gcc-arm-none-eabi-7-2017-q4-major/bin/../lib/gcc/arm-none-eabi/7.2.1/thumb/v7e-m/fpv4-sp/hard/libgcc.a
LOAD /usr/local/gcc_arm/gcc-arm-none-eabi-7-2017-q4-major/bin/../lib/gcc/arm-none-eabi/7.2.1/../../../../arm-none-eabi/lib/thumb/v7e-m/fpv4-sp/hard/libc_nano.a
END GROUP
START GROUP
LOAD /usr/local/gcc_arm/gcc-arm-none-eabi-7-2017-q4-major/bin/../lib/gcc/arm-none-eabi/7.2.1/thumb/v7e-m/fpv4-sp/hard/libgcc.a
LOAD /usr/local/gcc_arm/gcc-arm-none-eabi-7-2017-q4-major/bin/../lib/gcc/arm-none-eabi/7.2.1/../../../../arm-none-eabi/lib/thumb/v7e-m/fpv4-sp/hard/libc_nano.a
END GROUP
LOAD /usr/local/gcc_arm/gcc-arm-none-eabi-7-2017-q4-major/bin/../lib/gcc/arm-none-eabi/7.2.1/thumb/v7e-m/fpv4-sp/hard/crtend.o
LOAD /usr/local/gcc_arm/gcc-arm-none-eabi-7-2017-q4-major/bin/../lib/gcc/arm-none-eabi/7.2.1/thumb/v7e-m/fpv4-sp/hard/crtn.o
                0x0000000020030000                _estack = 0x20030000
                0x0000000000000200                _Min_Heap_Size = 0x200
                0x0000000000000400                _Min_Stack_Size = 0x400

.isr_vector     0x0000000008000000      0x1ac
                0x0000000008000000                . = ALIGN (0x4)
 *(.isr_vector)
 .isr_vector    0x0000000008000000      0x1ac build/startup_stm32f429xx.o
                0x0000000008000000                g_pfnVectors
                0x00000000080001ac                . = ALIGN (0x4)

.text           0x00000000080001b0    0x20798
                0x00000000080001b0                . = ALIGN (0x4)
 *(.text)
 .text          0x00000000080001b0       0x40 /usr/local/gcc_arm/gcc-arm-none-eabi-7-2017-q4-major/bin/../lib/gcc/arm-none-eabi/7.2.1/thumb/v7e-m/fpv4-sp/hard/crtbegin.o
 .text          0x00000000080001f0       0xa0 /usr/local/gcc_arm/gcc-arm-none-eabi-7-2017-q4-major/bin/../lib/gcc/arm-none-eabi/7.2.1/../../../../arm-none-eabi/lib/thumb/v7e-m/fpv4-sp/hard/libc_nano.a(lib_a-memchr.o)
                0x00000000080001f0                memchr
 .text          0x0000000008000290       0x10 /usr/local/gcc_arm/gcc-arm-none-eabi-7-2017-q4-major/bin/../lib/gcc/arm-none-eabi/7.2.1/../../../../arm-none-eabi/lib/thumb/v7e-m/fpv4-sp/hard/libc_nano.a(lib_a-strlen.o)
                0x0000000008000290                strlen
 .text          0x00000000080002a0      0x378 /usr/local/gcc_arm/gcc-arm-none-eabi-7-2017-q4-major/bin/../lib/gcc/arm-none-eabi/7.2.1/thumb/v7e-m/fpv4-sp/hard/libgcc.a(_arm_addsubdf3.o)
                0x00000000080002a0                __aeabi_drsub
                0x00000000080002a8                __subdf3
                0x00000000080002a8                __aeabi_dsub
                0x00000000080002ac                __aeabi_dadd
                0x00000000080002ac                __adddf3
                0x0000000008000524                __aeabi_ui2d
                0x0000000008000524                __floatunsidf
                0x0000000008000544                __floatsidf
                0x0000000008000544                __aeabi_i2d
                0x0000000008000568                __extendsfdf2
                0x0000000008000568                __aeabi_f2d
                0x00000000080005ac                __aeabi_ul2d
                0x00000000080005ac                __floatundidf
                0x00000000080005bc                __aeabi_l2d
                0x00000000080005bc                __floatdidf
 .text          0x0000000008000618      0x424 /usr/local/gcc_arm/gcc-arm-none-eabi-7-2017-q4-major/bin/../lib/gcc/arm-none-eabi/7.2.1/thumb/v7e-m/fpv4-sp/hard/libgcc.a(_arm_muldivdf3.o)
                0x0000000008000618                __aeabi_dmul
                0x0000000008000618                __muldf3
                0x000000000800086c                __aeabi_ddiv
                0x000000000800086c                __divdf3
 .text          0x0000000008000a3c      0x110 /usr/local/gcc_arm/gcc-arm-none-eabi-7-2017-q4-major/bin/../lib/gcc/arm-none-eabi/7.2.1/thumb/v7e-m/fpv4-sp/hard/libgcc.a(_arm_cmpdf2.o)
                0x0000000008000a3c                __gedf2
                0x0000000008000a3c                __gtdf2
                0x0000000008000a44                __ledf2
                0x0000000008000a44                __ltdf2
                0x0000000008000a4c                __cmpdf2
                0x0000000008000a4c                __eqdf2
                0x0000000008000a4c                __nedf2
                0x0000000008000ac8                __aeabi_cdrcmple
                0x0000000008000ad8                __aeabi_cdcmple
                0x0000000008000ad8                __aeabi_cdcmpeq
                0x0000000008000ae8                __aeabi_dcmpeq
                0x0000000008000afc                __aeabi_dcmplt
                0x0000000008000b10                __aeabi_dcmple
                0x0000000008000b24                __aeabi_dcmpge
                0x0000000008000b38                __aeabi_dcmpgt
 .text          0x0000000008000b4c       0xa0 /usr/local/gcc_arm/gcc-arm-none-eabi-7-2017-q4-major/bin/../lib/gcc/arm-none-eabi/7.2.1/thumb/v7e-m/fpv4-sp/hard/libgcc.a(_arm_truncdfsf2.o)
                0x0000000008000b4c                __aeabi_d2f
                0x0000000008000b4c                __truncdfsf2
 .text          0x0000000008000bec       0xa0 /usr/local/gcc_arm/gcc-arm-none-eabi-7-2017-q4-major/bin/../lib/gcc/arm-none-eabi/7.2.1/thumb/v7e-m/fpv4-sp/hard/libgcc.a(_aeabi_ldivmod.o)
                0x0000000008000bec                __aeabi_ldivmod
 .text          0x0000000008000c8c       0x30 /usr/local/gcc_arm/gcc-arm-none-eabi-7-2017-q4-major/bin/../lib/gcc/arm-none-eabi/7.2.1/thumb/v7e-m/fpv4-sp/hard/libgcc.a(_aeabi_uldivmod.o)
                0x0000000008000c8c                __aeabi_uldivmod
 .text          0x0000000008000cbc       0x30 /usr/local/gcc_arm/gcc-arm-none-eabi-7-2017-q4-major/bin/../lib/gcc/arm-none-eabi/7.2.1/thumb/v7e-m/fpv4-sp/hard/libgcc.a(_fixdfdi.o)
                0x0000000008000cbc                __aeabi_d2lz
                0x0000000008000cbc                __fixdfdi
 .text          0x0000000008000cec       0x44 /usr/local/gcc_arm/gcc-arm-none-eabi-7-2017-q4-major/bin/../lib/gcc/arm-none-eabi/7.2.1/thumb/v7e-m/fpv4-sp/hard/libgcc.a(_fixunsdfdi.o)
                0x0000000008000cec                __aeabi_d2ulz
                0x0000000008000cec                __fixunsdfdi
 .text          0x0000000008000d30      0x2cc /usr/local/gcc_arm/gcc-arm-none-eabi-7-2017-q4-major/bin/../lib/gcc/arm-none-eabi/7.2.1/thumb/v7e-m/fpv4-sp/hard/libgcc.a(_udivmoddi4.o)
                0x0000000008000d30                __udivmoddi4
 .text          0x0000000008000ffc        0x4 /usr/local/gcc_arm/gcc-arm-none-eabi-7-2017-q4-major/bin/../lib/gcc/arm-none-eabi/7.2.1/thumb/v7e-m/fpv4-sp/hard/libgcc.a(_dvmd_tls.o)
                0x0000000008000ffc                __aeabi_ldiv0
                0x0000000008000ffc                __aeabi_idiv0
 .text          0x0000000008001000       0x40 /usr/local/gcc_arm/gcc-arm-none-eabi-7-2017-q4-major/bin/../lib/gcc/arm-none-eabi/7.2.1/thumb/v7e-m/fpv4-sp/hard/libgcc.a(_arm_fixunsdfsi.o)
                0x0000000008001000                __fixunsdfsi
                0x0000000008001000                __aeabi_d2uiz
 *(.text*)
 .text.USBH_initialize
                0x0000000008001040        0x4 build/usbh_diskio.o
                0x0000000008001040                USBH_initialize
 .text.USBH_status
                0x0000000008001044       0x18 build/usbh_diskio.o
                0x0000000008001044                USBH_status
 .text.USBH_ioctl
                0x000000000800105c       0x68 build/usbh_diskio.o
                0x000000000800105c                USBH_ioctl
 .text.USBH_read
                0x00000000080010c4       0x5c build/usbh_diskio.o
                0x00000000080010c4                USBH_read
 .text.USBH_write
                0x0000000008001120       0x7c build/usbh_diskio.o
                0x0000000008001120                USBH_write
 .text.MX_FATFS_Init
                0x000000000800119c       0x1c build/fatfs.o
                0x000000000800119c                MX_FATFS_Init
 .text.get_fattime
                0x00000000080011b8        0x4 build/fatfs.o
                0x00000000080011b8                get_fattime
 .text.scan_files
                0x00000000080011bc       0x60 build/fatfs.o
                0x00000000080011bc                scan_files
 .text.usb_ls   0x000000000800121c       0x4c build/fatfs.o
                0x000000000800121c                usb_ls
 .text.usb_open_file
                0x0000000008001268       0x88 build/fatfs.o
                0x0000000008001268                usb_open_file
 .text.usb_close_file
                0x00000000080012f0       0x34 build/fatfs.o
                0x00000000080012f0                usb_close_file
 .text.usb_write
                0x0000000008001324       0x2c build/fatfs.o
                0x0000000008001324                usb_write
 .text.USBH_UserProcess
                0x0000000008001350       0x2c build/usb_host.o
 .text.get_usb_ready
                0x000000000800137c       0x14 build/usb_host.o
                0x000000000800137c                get_usb_ready
 .text.MX_USB_HOST_Init
                0x0000000008001390       0x2c build/usb_host.o
                0x0000000008001390                MX_USB_HOST_Init
 .text.HAL_HCD_MspInit
                0x00000000080013bc       0x68 build/usbh_conf.o
                0x00000000080013bc                HAL_HCD_MspInit
 .text.HAL_HCD_SOF_Callback
                0x0000000008001424        0xc build/usbh_conf.o
                0x0000000008001424                HAL_HCD_SOF_Callback
 .text.HAL_HCD_Connect_Callback
                0x0000000008001430        0xc build/usbh_conf.o
                0x0000000008001430                HAL_HCD_Connect_Callback
 .text.HAL_HCD_Disconnect_Callback
                0x000000000800143c        0xc build/usbh_conf.o
                0x000000000800143c                HAL_HCD_Disconnect_Callback
 .text.HAL_HCD_HC_NotifyURBChange_Callback
                0x0000000008001448        0xc build/usbh_conf.o
                0x0000000008001448                HAL_HCD_HC_NotifyURBChange_Callback
 .text.USBH_LL_Init
                0x0000000008001454       0x5c build/usbh_conf.o
                0x0000000008001454                USBH_LL_Init
 .text.USBH_LL_Start
                0x00000000080014b0       0x1c build/usbh_conf.o
                0x00000000080014b0                USBH_LL_Start
 .text.USBH_LL_Stop
                0x00000000080014cc       0x1c build/usbh_conf.o
                0x00000000080014cc                USBH_LL_Stop
 .text.USBH_LL_GetSpeed
                0x00000000080014e8       0x1c build/usbh_conf.o
                0x00000000080014e8                USBH_LL_GetSpeed
 .text.USBH_LL_ResetPort
                0x0000000008001504       0x1c build/usbh_conf.o
                0x0000000008001504                USBH_LL_ResetPort
 .text.USBH_LL_GetLastXferSize
                0x0000000008001520        0xc build/usbh_conf.o
                0x0000000008001520                USBH_LL_GetLastXferSize
 .text.USBH_LL_OpenPipe
                0x000000000800152c       0x32 build/usbh_conf.o
                0x000000000800152c                USBH_LL_OpenPipe
 .text.USBH_LL_ClosePipe
                0x000000000800155e       0x1c build/usbh_conf.o
                0x000000000800155e                USBH_LL_ClosePipe
 .text.USBH_LL_SubmitURB
                0x000000000800157a       0x36 build/usbh_conf.o
                0x000000000800157a                USBH_LL_SubmitURB
 .text.USBH_LL_GetURBState
                0x00000000080015b0        0xc build/usbh_conf.o
                0x00000000080015b0                USBH_LL_GetURBState
 .text.USBH_LL_DriverVBUS
                0x00000000080015bc        0xc build/usbh_conf.o
                0x00000000080015bc                USBH_LL_DriverVBUS
 .text.USBH_LL_SetToggle
                0x00000000080015c8       0x32 build/usbh_conf.o
                0x00000000080015c8                USBH_LL_SetToggle
 .text.USBH_LL_GetToggle
                0x00000000080015fa       0x2a build/usbh_conf.o
                0x00000000080015fa                USBH_LL_GetToggle
 .text.USBH_Delay
                0x0000000008001624        0x8 build/usbh_conf.o
                0x0000000008001624                USBH_Delay
 .text.ETH_MACAddressConfig
                0x000000000800162c       0x30 build/stm32f4xx_hal_eth.o
 .text.ETH_DMATransmissionEnable
                0x000000000800165c       0x10 build/stm32f4xx_hal_eth.o
 .text.ETH_DMAReceptionEnable
                0x000000000800166c       0x10 build/stm32f4xx_hal_eth.o
 .text.ETH_Delay
                0x000000000800167c       0x2c build/stm32f4xx_hal_eth.o
 .text.ETH_MACTransmissionEnable
                0x00000000080016a8       0x2a build/stm32f4xx_hal_eth.o
 .text.ETH_MACReceptionEnable
                0x00000000080016d2       0x2a build/stm32f4xx_hal_eth.o
 .text.ETH_FlushTransmitFIFO
                0x00000000080016fc       0x2e build/stm32f4xx_hal_eth.o
 *fill*         0x000000000800172a        0x2 
 .text.ETH_MACDMAConfig
                0x000000000800172c      0x118 build/stm32f4xx_hal_eth.o
 .text.HAL_ETH_DMATxDescListInit
                0x0000000008001844       0x72 build/stm32f4xx_hal_eth.o
                0x0000000008001844                HAL_ETH_DMATxDescListInit
 .text.HAL_ETH_DMARxDescListInit
                0x00000000080018b6       0x6c build/stm32f4xx_hal_eth.o
                0x00000000080018b6                HAL_ETH_DMARxDescListInit
 *fill*         0x0000000008001922        0x2 
 .text.HAL_ETH_TransmitFrame
                0x0000000008001924      0x120 build/stm32f4xx_hal_eth.o
                0x0000000008001924                HAL_ETH_TransmitFrame
 .text.HAL_ETH_GetReceivedFrame_IT
                0x0000000008001a44       0x98 build/stm32f4xx_hal_eth.o
                0x0000000008001a44                HAL_ETH_GetReceivedFrame_IT
 .text.HAL_ETH_TxCpltCallback
                0x0000000008001adc        0x2 build/stm32f4xx_hal_eth.o
                0x0000000008001adc                HAL_ETH_TxCpltCallback
 .text.HAL_ETH_ErrorCallback
                0x0000000008001ade        0x2 build/stm32f4xx_hal_eth.o
                0x0000000008001ade                HAL_ETH_ErrorCallback
 .text.HAL_ETH_IRQHandler
                0x0000000008001ae0       0x8c build/stm32f4xx_hal_eth.o
                0x0000000008001ae0                HAL_ETH_IRQHandler
 .text.HAL_ETH_ReadPHYRegister
                0x0000000008001b6c       0x78 build/stm32f4xx_hal_eth.o
                0x0000000008001b6c                HAL_ETH_ReadPHYRegister
 .text.HAL_ETH_WritePHYRegister
                0x0000000008001be4       0x74 build/stm32f4xx_hal_eth.o
                0x0000000008001be4                HAL_ETH_WritePHYRegister
 .text.HAL_ETH_Init
                0x0000000008001c58      0x258 build/stm32f4xx_hal_eth.o
                0x0000000008001c58                HAL_ETH_Init
 .text.HAL_ETH_Start
                0x0000000008001eb0       0x44 build/stm32f4xx_hal_eth.o
                0x0000000008001eb0                HAL_ETH_Start
 .text.HCD_RXQLVL_IRQHandler
                0x0000000008001ef4       0x7c build/stm32f4xx_hal_hcd.o
 .text.HAL_HCD_HC_Init
                0x0000000008001f70       0x72 build/stm32f4xx_hal_hcd.o
                0x0000000008001f70                HAL_HCD_HC_Init
 .text.HAL_HCD_HC_Halt
                0x0000000008001fe2       0x24 build/stm32f4xx_hal_hcd.o
                0x0000000008001fe2                HAL_HCD_HC_Halt
 .text.HAL_HCD_Init
                0x0000000008002006       0x78 build/stm32f4xx_hal_hcd.o
                0x0000000008002006                HAL_HCD_Init
 .text.HAL_HCD_HC_SubmitRequest
                0x000000000800207e      0x1cc build/stm32f4xx_hal_hcd.o
                0x000000000800207e                HAL_HCD_HC_SubmitRequest
 .text.HCD_Port_IRQHandler
                0x000000000800224a       0xc8 build/stm32f4xx_hal_hcd.o
 .text.HCD_HC_IN_IRQHandler
                0x0000000008002312      0x28c build/stm32f4xx_hal_hcd.o
 .text.HCD_HC_OUT_IRQHandler
                0x000000000800259e      0x29e build/stm32f4xx_hal_hcd.o
 .text.HAL_HCD_IRQHandler
                0x000000000800283c      0x142 build/stm32f4xx_hal_hcd.o
                0x000000000800283c                HAL_HCD_IRQHandler
 .text.HAL_HCD_Start
                0x000000000800297e       0x2c build/stm32f4xx_hal_hcd.o
                0x000000000800297e                HAL_HCD_Start
 .text.HAL_HCD_Stop
                0x00000000080029aa       0x24 build/stm32f4xx_hal_hcd.o
                0x00000000080029aa                HAL_HCD_Stop
 .text.HAL_HCD_ResetPort
                0x00000000080029ce        0xa build/stm32f4xx_hal_hcd.o
                0x00000000080029ce                HAL_HCD_ResetPort
 .text.HAL_HCD_HC_GetURBState
                0x00000000080029d8        0xe build/stm32f4xx_hal_hcd.o
                0x00000000080029d8                HAL_HCD_HC_GetURBState
 .text.HAL_HCD_HC_GetXferCount
                0x00000000080029e6        0xc build/stm32f4xx_hal_hcd.o
                0x00000000080029e6                HAL_HCD_HC_GetXferCount
 .text.HAL_HCD_GetCurrentFrame
                0x00000000080029f2        0xa build/stm32f4xx_hal_hcd.o
                0x00000000080029f2                HAL_HCD_GetCurrentFrame
 .text.HAL_HCD_GetCurrentSpeed
                0x00000000080029fc        0xa build/stm32f4xx_hal_hcd.o
                0x00000000080029fc                HAL_HCD_GetCurrentSpeed
 .text.USB_CoreInit
                0x0000000008002a06       0x7c build/stm32f4xx_ll_usb.o
                0x0000000008002a06                USB_CoreInit
 .text.USB_EnableGlobalInt
                0x0000000008002a82        0xc build/stm32f4xx_ll_usb.o
                0x0000000008002a82                USB_EnableGlobalInt
 .text.USB_DisableGlobalInt
                0x0000000008002a8e        0xc build/stm32f4xx_ll_usb.o
                0x0000000008002a8e                USB_DisableGlobalInt
 .text.USB_SetCurrentMode
                0x0000000008002a9a       0x2c build/stm32f4xx_ll_usb.o
                0x0000000008002a9a                USB_SetCurrentMode
 *fill*         0x0000000008002ac6        0x2 
 .text.USB_FlushTxFifo
                0x0000000008002ac8       0x28 build/stm32f4xx_ll_usb.o
                0x0000000008002ac8                USB_FlushTxFifo
 .text.USB_FlushRxFifo
                0x0000000008002af0       0x24 build/stm32f4xx_ll_usb.o
                0x0000000008002af0                USB_FlushRxFifo
 .text.USB_WritePacket
                0x0000000008002b14       0x28 build/stm32f4xx_ll_usb.o
                0x0000000008002b14                USB_WritePacket
 .text.USB_ReadPacket
                0x0000000008002b3c       0x28 build/stm32f4xx_ll_usb.o
                0x0000000008002b3c                USB_ReadPacket
 .text.USB_ReadInterrupts
                0x0000000008002b64        0x8 build/stm32f4xx_ll_usb.o
                0x0000000008002b64                USB_ReadInterrupts
 .text.USB_GetMode
                0x0000000008002b6c        0x8 build/stm32f4xx_ll_usb.o
                0x0000000008002b6c                USB_GetMode
 .text.USB_CoreReset
                0x0000000008002b74       0x3c build/stm32f4xx_ll_usb.o
 .text.USB_HostInit
                0x0000000008002bb0       0xec build/stm32f4xx_ll_usb.o
                0x0000000008002bb0                USB_HostInit
 .text.USB_InitFSLSPClkSel
                0x0000000008002c9c       0x40 build/stm32f4xx_ll_usb.o
                0x0000000008002c9c                USB_InitFSLSPClkSel
 .text.USB_ResetPort
                0x0000000008002cdc       0x34 build/stm32f4xx_ll_usb.o
                0x0000000008002cdc                USB_ResetPort
 .text.USB_DriveVbus
                0x0000000008002d10       0x42 build/stm32f4xx_ll_usb.o
                0x0000000008002d10                USB_DriveVbus
 .text.USB_GetHostSpeed
                0x0000000008002d52       0x12 build/stm32f4xx_ll_usb.o
                0x0000000008002d52                USB_GetHostSpeed
 .text.USB_GetCurrentFrame
                0x0000000008002d64        0xa build/stm32f4xx_ll_usb.o
                0x0000000008002d64                USB_GetCurrentFrame
 .text.USB_HC_Init
                0x0000000008002d6e       0xe0 build/stm32f4xx_ll_usb.o
                0x0000000008002d6e                USB_HC_Init
 *fill*         0x0000000008002e4e        0x2 
 .text.USB_HC_StartXfer
                0x0000000008002e50      0x274 build/stm32f4xx_ll_usb.o
                0x0000000008002e50                USB_HC_StartXfer
 .text.USB_HC_ReadInterrupt
                0x00000000080030c4       0x1e build/stm32f4xx_ll_usb.o
                0x00000000080030c4                USB_HC_ReadInterrupt
 .text.USB_HC_Halt
                0x00000000080030e2      0x1c2 build/stm32f4xx_ll_usb.o
                0x00000000080030e2                USB_HC_Halt
 .text.USB_DoPing
                0x00000000080032a4       0x74 build/stm32f4xx_ll_usb.o
                0x00000000080032a4                USB_DoPing
 .text.USB_StopHost
                0x0000000008003318      0x108 build/stm32f4xx_ll_usb.o
                0x0000000008003318                USB_StopHost
 .text.HAL_TIM_Base_MspInit
                0x0000000008003420        0x2 build/stm32f4xx_hal_tim.o
                0x0000000008003420                HAL_TIM_Base_MspInit
 .text.HAL_TIM_Base_Start_IT
                0x0000000008003422       0x18 build/stm32f4xx_hal_tim.o
                0x0000000008003422                HAL_TIM_Base_Start_IT
 .text.HAL_TIM_OC_DelayElapsedCallback
                0x000000000800343a        0x2 build/stm32f4xx_hal_tim.o
                0x000000000800343a                HAL_TIM_OC_DelayElapsedCallback
 .text.HAL_TIM_IC_CaptureCallback
                0x000000000800343c        0x2 build/stm32f4xx_hal_tim.o
                0x000000000800343c                HAL_TIM_IC_CaptureCallback
 .text.HAL_TIM_PWM_PulseFinishedCallback
                0x000000000800343e        0x2 build/stm32f4xx_hal_tim.o
                0x000000000800343e                HAL_TIM_PWM_PulseFinishedCallback
 .text.HAL_TIM_TriggerCallback
                0x0000000008003440        0x2 build/stm32f4xx_hal_tim.o
                0x0000000008003440                HAL_TIM_TriggerCallback
 .text.HAL_TIM_IRQHandler
                0x0000000008003442      0x17a build/stm32f4xx_hal_tim.o
                0x0000000008003442                HAL_TIM_IRQHandler
 .text.TIM_Base_SetConfig
                0x00000000080035bc       0xc0 build/stm32f4xx_hal_tim.o
                0x00000000080035bc                TIM_Base_SetConfig
 .text.HAL_TIM_Base_Init
                0x000000000800367c       0x32 build/stm32f4xx_hal_tim.o
                0x000000000800367c                HAL_TIM_Base_Init
 .text.HAL_TIMEx_CommutationCallback
                0x00000000080036ae        0x2 build/stm32f4xx_hal_tim_ex.o
                0x00000000080036ae                HAL_TIMEx_CommutationCallback
 .text.HAL_TIMEx_BreakCallback
                0x00000000080036b0        0x2 build/stm32f4xx_hal_tim_ex.o
                0x00000000080036b0                HAL_TIMEx_BreakCallback
 *fill*         0x00000000080036b2        0x2 
 .text.UART_SetConfig
                0x00000000080036b4      0x334 build/stm32f4xx_hal_uart.o
 .text.UART_WaitOnFlagUntilTimeout
                0x00000000080039e8       0x62 build/stm32f4xx_hal_uart.o
 .text.HAL_UART_Init
                0x0000000008003a4a       0x5e build/stm32f4xx_hal_uart.o
                0x0000000008003a4a                HAL_UART_Init
 .text.HAL_UART_Transmit
                0x0000000008003aa8       0xe0 build/stm32f4xx_hal_uart.o
                0x0000000008003aa8                HAL_UART_Transmit
 .text.HAL_UART_Receive
                0x0000000008003b88       0xe4 build/stm32f4xx_hal_uart.o
                0x0000000008003b88                HAL_UART_Receive
 .text.HAL_RCC_OscConfig
                0x0000000008003c6c      0x398 build/stm32f4xx_hal_rcc.o
                0x0000000008003c6c                HAL_RCC_OscConfig
 .text.HAL_RCC_GetSysClockFreq
                0x0000000008004004       0xd8 build/stm32f4xx_hal_rcc.o
                0x0000000008004004                HAL_RCC_GetSysClockFreq
 .text.HAL_RCC_ClockConfig
                0x00000000080040dc      0x158 build/stm32f4xx_hal_rcc.o
                0x00000000080040dc                HAL_RCC_ClockConfig
 .text.HAL_RCC_GetHCLKFreq
                0x0000000008004234        0xc build/stm32f4xx_hal_rcc.o
                0x0000000008004234                HAL_RCC_GetHCLKFreq
 .text.HAL_RCC_GetPCLK1Freq
                0x0000000008004240       0x20 build/stm32f4xx_hal_rcc.o
                0x0000000008004240                HAL_RCC_GetPCLK1Freq
 .text.HAL_RCC_GetPCLK2Freq
                0x0000000008004260       0x20 build/stm32f4xx_hal_rcc.o
                0x0000000008004260                HAL_RCC_GetPCLK2Freq
 .text.HAL_RCC_GetClockConfig
                0x0000000008004280       0x3c build/stm32f4xx_hal_rcc.o
                0x0000000008004280                HAL_RCC_GetClockConfig
 .text.HAL_GPIO_Init
                0x00000000080042bc      0x1e0 build/stm32f4xx_hal_gpio.o
                0x00000000080042bc                HAL_GPIO_Init
 .text.HAL_GPIO_ReadPin
                0x000000000800449c        0xe build/stm32f4xx_hal_gpio.o
                0x000000000800449c                HAL_GPIO_ReadPin
 .text.HAL_GPIO_WritePin
                0x00000000080044aa        0xc build/stm32f4xx_hal_gpio.o
                0x00000000080044aa                HAL_GPIO_WritePin
 *fill*         0x00000000080044b6        0x2 
 .text.HAL_NVIC_SetPriorityGrouping
                0x00000000080044b8       0x24 build/stm32f4xx_hal_cortex.o
                0x00000000080044b8                HAL_NVIC_SetPriorityGrouping
 .text.HAL_NVIC_SetPriority
                0x00000000080044dc       0x68 build/stm32f4xx_hal_cortex.o
                0x00000000080044dc                HAL_NVIC_SetPriority
 .text.HAL_NVIC_EnableIRQ
                0x0000000008004544       0x18 build/stm32f4xx_hal_cortex.o
                0x0000000008004544                HAL_NVIC_EnableIRQ
 .text.HAL_SYSTICK_Config
                0x000000000800455c       0x2c build/stm32f4xx_hal_cortex.o
                0x000000000800455c                HAL_SYSTICK_Config
 .text.HAL_SYSTICK_CLKSourceConfig
                0x0000000008004588       0x20 build/stm32f4xx_hal_cortex.o
                0x0000000008004588                HAL_SYSTICK_CLKSourceConfig
 .text.HAL_Init
                0x00000000080045a8       0x34 build/stm32f4xx_hal.o
                0x00000000080045a8                HAL_Init
 .text.HAL_IncTick
                0x00000000080045dc       0x18 build/stm32f4xx_hal.o
                0x00000000080045dc                HAL_IncTick
 .text.HAL_GetTick
                0x00000000080045f4        0xc build/stm32f4xx_hal.o
                0x00000000080045f4                HAL_GetTick
 .text.HAL_Delay
                0x0000000008004600       0x28 build/stm32f4xx_hal.o
                0x0000000008004600                HAL_Delay
 .text.SystemInit
                0x0000000008004628       0x4c build/system_stm32f4xx.o
                0x0000000008004628                SystemInit
 .text.ff_cre_syncobj
                0x0000000008004674       0x20 build/syscall.o
                0x0000000008004674                ff_cre_syncobj
 .text.ff_del_syncobj
                0x0000000008004694        0xa build/syscall.o
                0x0000000008004694                ff_del_syncobj
 .text.ff_req_grant
                0x000000000800469e       0x14 build/syscall.o
                0x000000000800469e                ff_req_grant
 .text.ff_rel_grant
                0x00000000080046b2        0x8 build/syscall.o
                0x00000000080046b2                ff_rel_grant
 *fill*         0x00000000080046ba        0x2 
 .text.disk_status
                0x00000000080046bc       0x18 build/diskio.o
                0x00000000080046bc                disk_status
 .text.disk_initialize
                0x00000000080046d4       0x28 build/diskio.o
                0x00000000080046d4                disk_initialize
 .text.disk_read
                0x00000000080046fc       0x18 build/diskio.o
                0x00000000080046fc                disk_read
 .text.disk_write
                0x0000000008004714       0x18 build/diskio.o
                0x0000000008004714                disk_write
 .text.disk_ioctl
                0x000000000800472c       0x18 build/diskio.o
                0x000000000800472c                disk_ioctl
 .text.ld_word  0x0000000008004744        0xa build/ff.o
 .text.ld_dword
                0x000000000800474e       0x16 build/ff.o
 .text.st_word  0x0000000008004764        0x8 build/ff.o
 .text.st_dword
                0x000000000800476c       0x14 build/ff.o
 .text.mem_cpy  0x0000000008004780       0x12 build/ff.o
 .text.mem_set  0x0000000008004792        0xa build/ff.o
 .text.mem_cmp  0x000000000800479c       0x1e build/ff.o
 .text.chk_chr  0x00000000080047ba       0x10 build/ff.o
 *fill*         0x00000000080047ca        0x2 
 .text.chk_lock
                0x00000000080047cc       0x74 build/ff.o
 .text.enq_lock
                0x0000000008004840       0x20 build/ff.o
 .text.inc_lock
                0x0000000008004860       0xa4 build/ff.o
 .text.dec_lock
                0x0000000008004904       0x40 build/ff.o
 .text.clear_lock
                0x0000000008004944       0x3c build/ff.o
 .text.clust2sect
                0x0000000008004980       0x18 build/ff.o
 .text.clmt_clust
                0x0000000008004998       0x22 build/ff.o
 .text.ld_clust
                0x00000000080049ba       0x26 build/ff.o
 .text.st_clust
                0x00000000080049e0       0x26 build/ff.o
 .text.get_fileinfo
                0x0000000008004a06       0x68 build/ff.o
 *fill*         0x0000000008004a6e        0x2 
 .text.create_name
                0x0000000008004a70       0xcc build/ff.o
 .text.get_ldnumber
                0x0000000008004b3c       0x54 build/ff.o
 .text.lock_fs  0x0000000008004b90       0x18 build/ff.o
 .text.validate
                0x0000000008004ba8       0x40 build/ff.o
 .text.sync_window
                0x0000000008004be8       0x54 build/ff.o
 .text.move_window
                0x0000000008004c3c       0x34 build/ff.o
 .text.check_fs
                0x0000000008004c70       0x7c build/ff.o
 .text.find_volume
                0x0000000008004cec      0x314 build/ff.o
 .text.put_fat  0x0000000008005000      0x10a build/ff.o
 .text.get_fat  0x000000000800510a       0xd0 build/ff.o
 .text.dir_sdi  0x00000000080051da       0xa2 build/ff.o
 .text.create_chain
                0x000000000800527c       0xc4 build/ff.o
 .text.remove_chain
                0x0000000008005340       0x88 build/ff.o
 .text.dir_next
                0x00000000080053c8      0x10c build/ff.o
 .text.dir_find
                0x00000000080054d4       0x5a build/ff.o
 .text.follow_path
                0x000000000800552e       0x8c build/ff.o
 .text.dir_alloc
                0x00000000080055ba       0x50 build/ff.o
 .text.dir_register
                0x000000000800560a       0x3e build/ff.o
 .text.dir_read
                0x0000000008005648       0x5e build/ff.o
 .text.unlock_fs
                0x00000000080056a6       0x1a build/ff.o
 .text.sync_fs  0x00000000080056c0       0x8c build/ff.o
 .text.f_mount  0x000000000800574c       0x88 build/ff.o
                0x000000000800574c                f_mount
 .text.f_open   0x00000000080057d4      0x230 build/ff.o
                0x00000000080057d4                f_open
 .text.f_read   0x0000000008005a04      0x206 build/ff.o
                0x0000000008005a04                f_read
 .text.f_write  0x0000000008005c0a      0x236 build/ff.o
                0x0000000008005c0a                f_write
 .text.f_sync   0x0000000008005e40       0xb0 build/ff.o
                0x0000000008005e40                f_sync
 .text.f_close  0x0000000008005ef0       0x3a build/ff.o
                0x0000000008005ef0                f_close
 .text.f_opendir
                0x0000000008005f2a       0x92 build/ff.o
                0x0000000008005f2a                f_opendir
 .text.f_closedir
                0x0000000008005fbc       0x30 build/ff.o
                0x0000000008005fbc                f_closedir
 .text.f_readdir
                0x0000000008005fec       0x56 build/ff.o
                0x0000000008005fec                f_readdir
 .text.f_gets   0x0000000008006042       0x54 build/ff.o
                0x0000000008006042                f_gets
 *fill*         0x0000000008006096        0x2 
 .text.FATFS_LinkDriverEx
                0x0000000008006098       0x48 build/ff_gen_drv.o
                0x0000000008006098                FATFS_LinkDriverEx
 .text.FATFS_LinkDriver
                0x00000000080060e0        0xa build/ff_gen_drv.o
                0x00000000080060e0                FATFS_LinkDriver
 *fill*         0x00000000080060ea        0x2 
 .text.prvHeapInit
                0x00000000080060ec       0x64 build/heap_4.o
 .text.prvInsertBlockIntoFreeList
                0x0000000008006150       0x58 build/heap_4.o
 .text.pvPortMalloc
                0x00000000080061a8      0x108 build/heap_4.o
                0x00000000080061a8                pvPortMalloc
 .text.vPortFree
                0x00000000080062b0       0x70 build/heap_4.o
                0x00000000080062b0                vPortFree
 .text.prvTaskExitError
                0x0000000008006320       0x34 build/port.o
 .text.prvPortStartFirstTask
                0x0000000008006354       0x20 build/port.o
 .text.vPortEnableVFP
                0x0000000008006374       0x14 build/port.o
 .text.pxPortInitialiseStack
                0x0000000008006388       0x2c build/port.o
                0x0000000008006388                pxPortInitialiseStack
 *fill*         0x00000000080063b4        0xc 
 .text.SVC_Handler
                0x00000000080063c0       0x24 build/port.o
                0x00000000080063c0                SVC_Handler
 .text.vPortEnterCritical
                0x00000000080063e4       0x44 build/port.o
                0x00000000080063e4                vPortEnterCritical
 .text.vPortExitCritical
                0x0000000008006428       0x2c build/port.o
                0x0000000008006428                vPortExitCritical
 *fill*         0x0000000008006454        0xc 
 .text.PendSV_Handler
                0x0000000008006460       0x64 build/port.o
                0x0000000008006460                PendSV_Handler
 .text.xPortSysTickHandler
                0x00000000080064c4       0x2c build/port.o
                0x00000000080064c4                xPortSysTickHandler
 .text.vPortSetupTimerInterrupt
                0x00000000080064f0       0x2c build/port.o
                0x00000000080064f0                vPortSetupTimerInterrupt
 .text.xPortStartScheduler
                0x000000000800651c       0xec build/port.o
                0x000000000800651c                xPortStartScheduler
 .text.vPortValidateInterruptPriority
                0x0000000008006608       0x5c build/port.o
                0x0000000008006608                vPortValidateInterruptPriority
 .text.vListInitialise
                0x0000000008006664       0x16 build/list.o
                0x0000000008006664                vListInitialise
 .text.vListInitialiseItem
                0x000000000800667a        0x6 build/list.o
                0x000000000800667a                vListInitialiseItem
 .text.vListInsertEnd
                0x0000000008006680       0x18 build/list.o
                0x0000000008006680                vListInsertEnd
 .text.vListInsert
                0x0000000008006698       0x34 build/list.o
                0x0000000008006698                vListInsert
 .text.uxListRemove
                0x00000000080066cc       0x26 build/list.o
                0x00000000080066cc                uxListRemove
 *fill*         0x00000000080066f2        0x2 
 .text.prvResetNextTaskUnblockTime
                0x00000000080066f4       0x2c build/tasks.o
 .text.prvDeleteTCB
                0x0000000008006720       0x12 build/tasks.o
 .text.prvInitialiseNewTask
                0x0000000008006732       0x80 build/tasks.o
 *fill*         0x00000000080067b2        0x2 
 .text.prvInitialiseTaskLists
                0x00000000080067b4       0x68 build/tasks.o
 .text.prvAddNewTaskToReadyList
                0x000000000800681c       0xa8 build/tasks.o
 .text.prvAddCurrentTaskToDelayedList
                0x00000000080068c4       0x98 build/tasks.o
 .text.xTaskCreate
                0x000000000800695c       0x62 build/tasks.o
                0x000000000800695c                xTaskCreate
 *fill*         0x00000000080069be        0x2 
 .text.vTaskDelete
                0x00000000080069c0       0xe0 build/tasks.o
                0x00000000080069c0                vTaskDelete
 .text.vTaskStartScheduler
                0x0000000008006aa0       0x7c build/tasks.o
                0x0000000008006aa0                vTaskStartScheduler
 .text.vTaskSuspendAll
                0x0000000008006b1c       0x10 build/tasks.o
                0x0000000008006b1c                vTaskSuspendAll
 .text.xTaskGetTickCount
                0x0000000008006b2c        0xc build/tasks.o
                0x0000000008006b2c                xTaskGetTickCount
 .text.xTaskGetTickCountFromISR
                0x0000000008006b38       0x10 build/tasks.o
                0x0000000008006b38                xTaskGetTickCountFromISR
 .text.xTaskIncrementTick
                0x0000000008006b48      0x118 build/tasks.o
                0x0000000008006b48                xTaskIncrementTick
 .text.xTaskResumeAll
                0x0000000008006c60       0xf4 build/tasks.o
                0x0000000008006c60                xTaskResumeAll
 .text.vTaskDelay
                0x0000000008006d54       0x4c build/tasks.o
                0x0000000008006d54                vTaskDelay
 .text.prvCheckTasksWaitingTermination
                0x0000000008006da0       0x5c build/tasks.o
 .text.prvIdleTask
                0x0000000008006dfc       0x28 build/tasks.o
 .text.vTaskSwitchContext
                0x0000000008006e24       0x98 build/tasks.o
                0x0000000008006e24                vTaskSwitchContext
 .text.vTaskPlaceOnEventList
                0x0000000008006ebc       0x30 build/tasks.o
                0x0000000008006ebc                vTaskPlaceOnEventList
 .text.xTaskRemoveFromEventList
                0x0000000008006eec       0x8c build/tasks.o
                0x0000000008006eec                xTaskRemoveFromEventList
 .text.vTaskSetTimeOutState
                0x0000000008006f78       0x2c build/tasks.o
                0x0000000008006f78                vTaskSetTimeOutState
 .text.xTaskCheckForTimeOut
                0x0000000008006fa4       0x80 build/tasks.o
                0x0000000008006fa4                xTaskCheckForTimeOut
 .text.vTaskMissedYield
                0x0000000008007024        0xc build/tasks.o
                0x0000000008007024                vTaskMissedYield
 .text.xTaskGetSchedulerState
                0x0000000008007030       0x20 build/tasks.o
                0x0000000008007030                xTaskGetSchedulerState
 .text.vTaskPriorityInherit
                0x0000000008007050       0xa0 build/tasks.o
                0x0000000008007050                vTaskPriorityInherit
 .text.xTaskPriorityDisinherit
                0x00000000080070f0       0xb0 build/tasks.o
                0x00000000080070f0                xTaskPriorityDisinherit
 .text.pvTaskIncrementMutexHeldCount
                0x00000000080071a0       0x1c build/tasks.o
                0x00000000080071a0                pvTaskIncrementMutexHeldCount
 .text.prvIsQueueFull
                0x00000000080071bc       0x1e build/queue.o
 .text.prvIsQueueEmpty
                0x00000000080071da       0x1a build/queue.o
 .text.prvCopyDataToQueue
                0x00000000080071f4       0x76 build/queue.o
 .text.prvCopyDataFromQueue
                0x000000000800726a       0x24 build/queue.o
 .text.prvUnlockQueue
                0x000000000800728e       0x6e build/queue.o
 .text.xQueueGenericReset
                0x00000000080072fc       0x84 build/queue.o
                0x00000000080072fc                xQueueGenericReset
 .text.prvInitialiseNewQueue
                0x0000000008007380       0x1c build/queue.o
 .text.xQueueGenericCreate
                0x000000000800739c       0x48 build/queue.o
                0x000000000800739c                xQueueGenericCreate
 .text.xQueueGenericSend
                0x00000000080073e4      0x17c build/queue.o
                0x00000000080073e4                xQueueGenericSend
 .text.prvInitialiseMutex
                0x0000000008007560       0x18 build/queue.o
 .text.xQueueCreateMutex
                0x0000000008007578       0x16 build/queue.o
                0x0000000008007578                xQueueCreateMutex
 .text.xQueueGenericSendFromISR
                0x000000000800758e       0xcc build/queue.o
                0x000000000800758e                xQueueGenericSendFromISR
 .text.xQueueGiveFromISR
                0x000000000800765a       0xb2 build/queue.o
                0x000000000800765a                xQueueGiveFromISR
 .text.xQueueGenericReceive
                0x000000000800770c      0x1a4 build/queue.o
                0x000000000800770c                xQueueGenericReceive
 .text.xQueueReceiveFromISR
                0x00000000080078b0       0xaa build/queue.o
                0x00000000080078b0                xQueueReceiveFromISR
 .text.uxQueueMessagesWaiting
                0x000000000800795a       0x26 build/queue.o
                0x000000000800795a                uxQueueMessagesWaiting
 .text.uxQueueMessagesWaitingFromISR
                0x0000000008007980       0x18 build/queue.o
                0x0000000008007980                uxQueueMessagesWaitingFromISR
 .text.vQueueUnregisterQueue
                0x0000000008007998       0x2c build/queue.o
                0x0000000008007998                vQueueUnregisterQueue
 .text.vQueueDelete
                0x00000000080079c4       0x24 build/queue.o
                0x00000000080079c4                vQueueDelete
 .text.makeFreeRtosPriority
                0x00000000080079e8        0xc build/cmsis_os.o
 .text.inHandlerMode
                0x00000000080079f4        0xc build/cmsis_os.o
 .text.osKernelStart
                0x0000000008007a00        0xa build/cmsis_os.o
                0x0000000008007a00                osKernelStart
 .text.osKernelSysTick
                0x0000000008007a0a       0x14 build/cmsis_os.o
                0x0000000008007a0a                osKernelSysTick
 .text.osThreadCreate
                0x0000000008007a1e       0x34 build/cmsis_os.o
                0x0000000008007a1e                osThreadCreate
 .text.osDelay  0x0000000008007a52       0x12 build/cmsis_os.o
                0x0000000008007a52                osDelay
 .text.osMutexCreate
                0x0000000008007a64        0xa build/cmsis_os.o
                0x0000000008007a64                osMutexCreate
 *fill*         0x0000000008007a6e        0x2 
 .text.osMutexWait
                0x0000000008007a70       0x74 build/cmsis_os.o
                0x0000000008007a70                osMutexWait
 .text.osMutexRelease
                0x0000000008007ae4       0x5c build/cmsis_os.o
                0x0000000008007ae4                osMutexRelease
 .text.osSemaphoreCreate
                0x0000000008007b40       0x26 build/cmsis_os.o
                0x0000000008007b40                osSemaphoreCreate
 *fill*         0x0000000008007b66        0x2 
 .text.osSemaphoreWait
                0x0000000008007b68       0x74 build/cmsis_os.o
                0x0000000008007b68                osSemaphoreWait
 .text.osSemaphoreRelease
                0x0000000008007bdc       0x5c build/cmsis_os.o
                0x0000000008007bdc                osSemaphoreRelease
 .text.osSemaphoreDelete
                0x0000000008007c38       0x18 build/cmsis_os.o
                0x0000000008007c38                osSemaphoreDelete
 .text.osMessageCreate
                0x0000000008007c50        0xe build/cmsis_os.o
                0x0000000008007c50                osMessageCreate
 *fill*         0x0000000008007c5e        0x2 
 .text.osMessagePut
                0x0000000008007c60       0x68 build/cmsis_os.o
                0x0000000008007c60                osMessagePut
 .text.osMessageGet
                0x0000000008007cc8       0xa0 build/cmsis_os.o
                0x0000000008007cc8                osMessageGet
 .text.osSystickHandler
                0x0000000008007d68       0x10 build/cmsis_os.o
                0x0000000008007d68                osSystickHandler
 .text.osMessageWaiting
                0x0000000008007d78       0x1a build/cmsis_os.o
                0x0000000008007d78                osMessageWaiting
 .text.osMessageDelete
                0x0000000008007d92       0x18 build/cmsis_os.o
                0x0000000008007d92                osMessageDelete
 .text.DeInitStateMachine
                0x0000000008007daa       0x4c build/usbh_core.o
 .text.USBH_HandleSof
                0x0000000008007df6       0x1a build/usbh_core.o
 .text.USBH_HandleEnum
                0x0000000008007e10      0x24c build/usbh_core.o
 .text.USBH_Init
                0x000000000800805c       0x80 build/usbh_core.o
                0x000000000800805c                USBH_Init
 .text.USBH_RegisterClass
                0x00000000080080dc       0x54 build/usbh_core.o
                0x00000000080080dc                USBH_RegisterClass
 .text.USBH_SelectInterface
                0x0000000008008130       0x88 build/usbh_core.o
                0x0000000008008130                USBH_SelectInterface
 .text.USBH_FindInterface
                0x00000000080081b8       0x52 build/usbh_core.o
                0x00000000080081b8                USBH_FindInterface
 .text.USBH_Start
                0x000000000800820a       0x14 build/usbh_core.o
                0x000000000800820a                USBH_Start
 *fill*         0x000000000800821e        0x2 
 .text.USBH_Process
                0x0000000008008220      0x288 build/usbh_core.o
                0x0000000008008220                USBH_Process
 .text.USBH_Process_OS
                0x00000000080084a8       0x22 build/usbh_core.o
 .text.USBH_LL_SetTimer
                0x00000000080084ca        0x6 build/usbh_core.o
                0x00000000080084ca                USBH_LL_SetTimer
 .text.USBH_LL_IncTimer
                0x00000000080084d0       0x12 build/usbh_core.o
                0x00000000080084d0                USBH_LL_IncTimer
 .text.USBH_LL_Connect
                0x00000000080084e2       0x36 build/usbh_core.o
                0x00000000080084e2                USBH_LL_Connect
 .text.USBH_LL_Disconnect
                0x0000000008008518       0x54 build/usbh_core.o
                0x0000000008008518                USBH_LL_Disconnect
 .text.USBH_LL_NotifyURBChange
                0x000000000800856c       0x12 build/usbh_core.o
                0x000000000800856c                USBH_LL_NotifyURBChange
 .text.USBH_ParseDevDesc
                0x000000000800857e       0x5c build/usbh_ctlreq.o
 .text.USBH_ParseInterfaceDesc
                0x00000000080085da       0x26 build/usbh_ctlreq.o
 .text.USBH_ParseEPDesc
                0x0000000008008600       0x20 build/usbh_ctlreq.o
 .text.USBH_ParseStringDesc
                0x0000000008008620       0x3c build/usbh_ctlreq.o
 .text.USBH_HandleControl
                0x000000000800865c      0x2a4 build/usbh_ctlreq.o
 .text.USBH_GetNextDesc
                0x0000000008008900        0xe build/usbh_ctlreq.o
                0x0000000008008900                USBH_GetNextDesc
 .text.USBH_ParseCfgDesc
                0x000000000800890e       0xc8 build/usbh_ctlreq.o
 .text.USBH_CtlReq
                0x00000000080089d6       0x4a build/usbh_ctlreq.o
                0x00000000080089d6                USBH_CtlReq
 .text.USBH_GetDescriptor
                0x0000000008008a20       0x3c build/usbh_ctlreq.o
                0x0000000008008a20                USBH_GetDescriptor
 .text.USBH_Get_DevDesc
                0x0000000008008a5c       0x32 build/usbh_ctlreq.o
                0x0000000008008a5c                USBH_Get_DevDesc
 .text.USBH_Get_CfgDesc
                0x0000000008008a8e       0x32 build/usbh_ctlreq.o
                0x0000000008008a8e                USBH_Get_CfgDesc
 .text.USBH_Get_StringDesc
                0x0000000008008ac0       0x30 build/usbh_ctlreq.o
                0x0000000008008ac0                USBH_Get_StringDesc
 .text.USBH_SetAddress
                0x0000000008008af0       0x22 build/usbh_ctlreq.o
                0x0000000008008af0                USBH_SetAddress
 .text.USBH_SetCfg
                0x0000000008008b12       0x22 build/usbh_ctlreq.o
                0x0000000008008b12                USBH_SetCfg
 .text.USBH_ClrFeature
                0x0000000008008b34       0x24 build/usbh_ctlreq.o
                0x0000000008008b34                USBH_ClrFeature
 .text.USBH_CtlSendSetup
                0x0000000008008b58       0x22 build/usbh_ioreq.o
                0x0000000008008b58                USBH_CtlSendSetup
 .text.USBH_CtlSendData
                0x0000000008008b7a       0x2c build/usbh_ioreq.o
                0x0000000008008b7a                USBH_CtlSendData
 .text.USBH_CtlReceiveData
                0x0000000008008ba6       0x20 build/usbh_ioreq.o
                0x0000000008008ba6                USBH_CtlReceiveData
 .text.USBH_BulkSendData
                0x0000000008008bc6       0x2c build/usbh_ioreq.o
                0x0000000008008bc6                USBH_BulkSendData
 .text.USBH_BulkReceiveData
                0x0000000008008bf2       0x20 build/usbh_ioreq.o
                0x0000000008008bf2                USBH_BulkReceiveData
 .text.USBH_GetFreePipe
                0x0000000008008c12       0x26 build/usbh_pipes.o
 .text.USBH_OpenPipe
                0x0000000008008c38       0x20 build/usbh_pipes.o
                0x0000000008008c38                USBH_OpenPipe
 .text.USBH_ClosePipe
                0x0000000008008c58        0xa build/usbh_pipes.o
                0x0000000008008c58                USBH_ClosePipe
 .text.USBH_AllocPipe
                0x0000000008008c62       0x24 build/usbh_pipes.o
                0x0000000008008c62                USBH_AllocPipe
 .text.USBH_FreePipe
                0x0000000008008c86       0x16 build/usbh_pipes.o
                0x0000000008008c86                USBH_FreePipe
 .text.USBH_MSC_SOFProcess
                0x0000000008008c9c        0x4 build/usbh_msc.o
 .text.USBH_MSC_Process
                0x0000000008008ca0      0x408 build/usbh_msc.o
 .text.USBH_MSC_ClassRequest
                0x00000000080090a8       0x7c build/usbh_msc.o
 .text.USBH_MSC_InterfaceDeInit
                0x0000000008009124       0x50 build/usbh_msc.o
 .text.USBH_MSC_InterfaceInit
                0x0000000008009174      0x150 build/usbh_msc.o
 .text.USBH_MSC_RdWrProcess
                0x00000000080092c4      0x17c build/usbh_msc.o
 .text.USBH_MSC_UnitIsReady
                0x0000000008009440       0x24 build/usbh_msc.o
                0x0000000008009440                USBH_MSC_UnitIsReady
 .text.USBH_MSC_GetLUNInfo
                0x0000000008009464       0x44 build/usbh_msc.o
                0x0000000008009464                USBH_MSC_GetLUNInfo
 .text.USBH_MSC_Read
                0x00000000080094a8       0x94 build/usbh_msc.o
                0x00000000080094a8                USBH_MSC_Read
 .text.USBH_MSC_Write
                0x000000000800953c       0x94 build/usbh_msc.o
                0x000000000800953c                USBH_MSC_Write
 .text.USBH_MSC_DecodeCSW
                0x00000000080095d0       0x50 build/usbh_msc_bot.o
 .text.USBH_MSC_BOT_Abort
                0x0000000008009620       0x22 build/usbh_msc_bot.o
 .text.USBH_MSC_BOT_REQ_Reset
                0x0000000008009642       0x1a build/usbh_msc_bot.o
                0x0000000008009642                USBH_MSC_BOT_REQ_Reset
 .text.USBH_MSC_BOT_REQ_GetMaxLUN
                0x000000000800965c       0x1a build/usbh_msc_bot.o
                0x000000000800965c                USBH_MSC_BOT_REQ_GetMaxLUN
 *fill*         0x0000000008009676        0x2 
 .text.USBH_MSC_BOT_Init
                0x0000000008009678       0x24 build/usbh_msc_bot.o
                0x0000000008009678                USBH_MSC_BOT_Init
 .text.USBH_MSC_BOT_Process
                0x000000000800969c      0x2d2 build/usbh_msc_bot.o
                0x000000000800969c                USBH_MSC_BOT_Process
 .text.USBH_MSC_SCSI_TestUnitReady
                0x000000000800996e       0x4e build/usbh_msc_scsi.o
                0x000000000800996e                USBH_MSC_SCSI_TestUnitReady
 .text.USBH_MSC_SCSI_ReadCapacity
                0x00000000080099bc       0x8e build/usbh_msc_scsi.o
                0x00000000080099bc                USBH_MSC_SCSI_ReadCapacity
 .text.USBH_MSC_SCSI_Inquiry
                0x0000000008009a4a       0xcc build/usbh_msc_scsi.o
                0x0000000008009a4a                USBH_MSC_SCSI_Inquiry
 .text.USBH_MSC_SCSI_RequestSense
                0x0000000008009b16       0x94 build/usbh_msc_scsi.o
                0x0000000008009b16                USBH_MSC_SCSI_RequestSense
 .text.USBH_MSC_SCSI_Write
                0x0000000008009baa       0x84 build/usbh_msc_scsi.o
                0x0000000008009baa                USBH_MSC_SCSI_Write
 .text.USBH_MSC_SCSI_Read
                0x0000000008009c2e       0x86 build/usbh_msc_scsi.o
                0x0000000008009c2e                USBH_MSC_SCSI_Read
 .text._sbrk    0x0000000008009cb4       0x48 build/syscalls.o
                0x0000000008009cb4                _sbrk
 .text._getpid  0x0000000008009cfc        0x4 build/syscalls.o
                0x0000000008009cfc                _getpid
 .text._kill    0x0000000008009d00       0x10 build/syscalls.o
                0x0000000008009d00                _kill
 .text._exit    0x0000000008009d10        0xc build/syscalls.o
                0x0000000008009d10                _exit
 .text._write   0x0000000008009d1c       0x1c build/syscalls.o
                0x0000000008009d1c                _write
 .text._close   0x0000000008009d38        0x6 build/syscalls.o
                0x0000000008009d38                _close
 .text._fstat   0x0000000008009d3e        0xa build/syscalls.o
                0x0000000008009d3e                _fstat
 .text._isatty  0x0000000008009d48        0x4 build/syscalls.o
                0x0000000008009d48                _isatty
 .text._lseek   0x0000000008009d4c        0x4 build/syscalls.o
                0x0000000008009d4c                _lseek
 .text._read    0x0000000008009d50       0x1c build/syscalls.o
                0x0000000008009d50                _read
 .text.ethernet_input
                0x0000000008009d6c       0xa8 build/ethernet.o
                0x0000000008009d6c                ethernet_input
 .text.ethernet_output
                0x0000000008009e14       0x70 build/ethernet.o
                0x0000000008009e14                ethernet_output
 .text.tcpip_thread
                0x0000000008009e84       0xa4 build/tcpip.o
 .text.tcpip_inpkt
                0x0000000008009f28       0x68 build/tcpip.o
                0x0000000008009f28                tcpip_inpkt
 .text.tcpip_input
                0x0000000008009f90       0x24 build/tcpip.o
                0x0000000008009f90                tcpip_input
 .text.tcpip_callback_with_block
                0x0000000008009fb4       0x74 build/tcpip.o
                0x0000000008009fb4                tcpip_callback_with_block
 .text.tcpip_send_msg_wait_sem
                0x000000000800a028       0x20 build/tcpip.o
                0x000000000800a028                tcpip_send_msg_wait_sem
 .text.tcpip_init
                0x000000000800a048       0x84 build/tcpip.o
                0x000000000800a048                tcpip_init
 .text.netbuf_delete
                0x000000000800a0cc       0x20 build/netbuf.o
                0x000000000800a0cc                netbuf_delete
 .text.netbuf_free
                0x000000000800a0ec       0x30 build/netbuf.o
                0x000000000800a0ec                netbuf_free
 .text.netbuf_ref
                0x000000000800a11c       0x5c build/netbuf.o
                0x000000000800a11c                netbuf_ref
 .text.recv_udp
                0x000000000800a178       0xc4 build/api_msg.o
 .text.setup_tcp
                0x000000000800a23c       0x40 build/api_msg.o
 .text.pcb_new  0x000000000800a27c       0x88 build/api_msg.o
 .text.err_tcp  0x000000000800a304      0x140 build/api_msg.o
 .text.lwip_netconn_do_connected
                0x000000000800a444       0xdc build/api_msg.o
 .text.lwip_netconn_do_dns_found
                0x000000000800a520       0x22 build/api_msg.o
 *fill*         0x000000000800a542        0x2 
 .text.lwip_netconn_do_writemore
                0x000000000800a544      0x214 build/api_msg.o
 .text.lwip_netconn_do_close_internal
                0x000000000800a758      0x234 build/api_msg.o
 .text.poll_tcp
                0x000000000800a98c       0x80 build/api_msg.o
 .text.sent_tcp
                0x000000000800aa0c       0x74 build/api_msg.o
 .text.recv_tcp
                0x000000000800aa80       0xd0 build/api_msg.o
 .text.lwip_netconn_do_newconn
                0x000000000800ab50       0x34 build/api_msg.o
                0x000000000800ab50                lwip_netconn_do_newconn
 .text.netconn_alloc
                0x000000000800ab84       0x8c build/api_msg.o
                0x000000000800ab84                netconn_alloc
 .text.netconn_free
                0x000000000800ac10       0x78 build/api_msg.o
                0x000000000800ac10                netconn_free
 .text.netconn_drain
                0x000000000800ac88       0xa8 build/api_msg.o
 .text.lwip_netconn_do_delconn
                0x000000000800ad30      0x170 build/api_msg.o
                0x000000000800ad30                lwip_netconn_do_delconn
 .text.lwip_netconn_do_bind
                0x000000000800aea0       0x62 build/api_msg.o
                0x000000000800aea0                lwip_netconn_do_bind
 *fill*         0x000000000800af02        0x2 
 .text.lwip_netconn_do_connect
                0x000000000800af04      0x11c build/api_msg.o
                0x000000000800af04                lwip_netconn_do_connect
 .text.lwip_netconn_do_disconnect
                0x000000000800b020       0x40 build/api_msg.o
                0x000000000800b020                lwip_netconn_do_disconnect
 .text.lwip_netconn_do_send
                0x000000000800b060       0x66 build/api_msg.o
                0x000000000800b060                lwip_netconn_do_send
 .text.lwip_netconn_do_recv
                0x000000000800b0c6       0x58 build/api_msg.o
                0x000000000800b0c6                lwip_netconn_do_recv
 *fill*         0x000000000800b11e        0x2 
 .text.lwip_netconn_do_write
                0x000000000800b120      0x100 build/api_msg.o
                0x000000000800b120                lwip_netconn_do_write
 .text.lwip_netconn_do_getaddr
                0x000000000800b220       0xbc build/api_msg.o
                0x000000000800b220                lwip_netconn_do_getaddr
 .text.lwip_netconn_do_close
                0x000000000800b2dc       0xf4 build/api_msg.o
                0x000000000800b2dc                lwip_netconn_do_close
 .text.lwip_netconn_do_gethostbyname
                0x000000000800b3d0       0x34 build/api_msg.o
                0x000000000800b3d0                lwip_netconn_do_gethostbyname
 .text.netconn_apimsg
                0x000000000800b404       0x18 build/api_lib.o
 .text.netconn_close_shutdown
                0x000000000800b41c       0x44 build/api_lib.o
 .text.netconn_recv_data
                0x000000000800b460      0x140 build/api_lib.o
 .text.netconn_new_with_proto_and_callback
                0x000000000800b5a0       0xb8 build/api_lib.o
                0x000000000800b5a0                netconn_new_with_proto_and_callback
 .text.netconn_delete
                0x000000000800b658       0x30 build/api_lib.o
                0x000000000800b658                netconn_delete
 .text.netconn_getaddr
                0x000000000800b688       0x70 build/api_lib.o
                0x000000000800b688                netconn_getaddr
 .text.netconn_bind
                0x000000000800b6f8       0x4c build/api_lib.o
                0x000000000800b6f8                netconn_bind
 .text.netconn_connect
                0x000000000800b744       0x4c build/api_lib.o
                0x000000000800b744                netconn_connect
 .text.netconn_disconnect
                0x000000000800b790       0x3c build/api_lib.o
                0x000000000800b790                netconn_disconnect
 .text.netconn_recv_tcp_pbuf
                0x000000000800b7cc       0x34 build/api_lib.o
                0x000000000800b7cc                netconn_recv_tcp_pbuf
 .text.netconn_recv
                0x000000000800b800       0xb4 build/api_lib.o
                0x000000000800b800                netconn_recv
 .text.netconn_send
                0x000000000800b8b4       0x3c build/api_lib.o
                0x000000000800b8b4                netconn_send
 .text.netconn_write_partly
                0x000000000800b8f0       0xb0 build/api_lib.o
                0x000000000800b8f0                netconn_write_partly
 .text.netconn_gethostbyname
                0x000000000800b9a0       0x94 build/api_lib.o
                0x000000000800b9a0                netconn_gethostbyname
 .text.lwip_freeaddrinfo
                0x000000000800ba34       0x18 build/netdb.o
                0x000000000800ba34                lwip_freeaddrinfo
 .text.lwip_getaddrinfo
                0x000000000800ba4c      0x164 build/netdb.o
                0x000000000800ba4c                lwip_getaddrinfo
 .text.get_socket
                0x000000000800bbb0       0x3c build/sockets.o
 .text.tryget_socket
                0x000000000800bbec       0x28 build/sockets.o
 .text.alloc_socket
                0x000000000800bc14       0x7c build/sockets.o
 .text.lwip_selscan
                0x000000000800bc90      0x1a8 build/sockets.o
 .text.event_callback
                0x000000000800be38      0x15c build/sockets.o
 .text.free_socket
                0x000000000800bf94       0x2e build/sockets.o
 *fill*         0x000000000800bfc2        0x2 
 .text.lwip_bind
                0x000000000800bfc4       0x9c build/sockets.o
                0x000000000800bfc4                lwip_bind
 .text.lwip_close
                0x000000000800c060       0x78 build/sockets.o
                0x000000000800c060                lwip_close
 .text.lwip_connect
                0x000000000800c0d8       0xa8 build/sockets.o
                0x000000000800c0d8                lwip_connect
 .text.lwip_recvfrom
                0x000000000800c180      0x260 build/sockets.o
                0x000000000800c180                lwip_recvfrom
 .text.lwip_recv
                0x000000000800c3e0       0x12 build/sockets.o
                0x000000000800c3e0                lwip_recv
 *fill*         0x000000000800c3f2        0x2 
 .text.lwip_sendto
                0x000000000800c3f4      0x10c build/sockets.o
                0x000000000800c3f4                lwip_sendto
 .text.lwip_send
                0x000000000800c500       0x88 build/sockets.o
                0x000000000800c500                lwip_send
 .text.lwip_socket
                0x000000000800c588       0x88 build/sockets.o
                0x000000000800c588                lwip_socket
 .text.lwip_select
                0x000000000800c610      0x2dc build/sockets.o
                0x000000000800c610                lwip_select
 .text.lwip_fcntl
                0x000000000800c8ec       0x74 build/sockets.o
                0x000000000800c8ec                lwip_fcntl
 .text.err_to_errno
                0x000000000800c960       0x20 build/err.o
                0x000000000800c960                err_to_errno
 .text.lwip_htons
                0x000000000800c980        0x6 build/def.o
                0x000000000800c980                lwip_htons
 .text.lwip_htonl
                0x000000000800c986       0x18 build/def.o
                0x000000000800c986                lwip_htonl
 .text.lwip_strnicmp
                0x000000000800c99e       0x44 build/def.o
                0x000000000800c99e                lwip_strnicmp
 *fill*         0x000000000800c9e2        0x2 
 .text.sys_timeouts_sleeptime
                0x000000000800c9e4       0x34 build/timeouts.o
 .text.sys_check_timeouts
                0x000000000800ca18       0x60 build/timeouts.o
 .text.sys_timeout
                0x000000000800ca78       0xb0 build/timeouts.o
                0x000000000800ca78                sys_timeout
 .text.tcp_timer_needed
                0x000000000800cb28       0x3c build/timeouts.o
                0x000000000800cb28                tcp_timer_needed
 .text.tcpip_tcp_timer
                0x000000000800cb64       0x38 build/timeouts.o
 .text.sys_timeouts_init
                0x000000000800cb9c       0x34 build/timeouts.o
                0x000000000800cb9c                sys_timeouts_init
 .text.cyclic_timer
                0x000000000800cbd0       0x18 build/timeouts.o
 .text.sys_timeouts_mbox_fetch
                0x000000000800cbe8       0x40 build/timeouts.o
                0x000000000800cbe8                sys_timeouts_mbox_fetch
 .text.netif_issue_reports
                0x000000000800cc28       0x22 build/netif.o
 .text.netif_init
                0x000000000800cc4a        0x2 build/netif.o
                0x000000000800cc4a                netif_init
 .text.netif_set_ipaddr
                0x000000000800cc4c       0x4c build/netif.o
                0x000000000800cc4c                netif_set_ipaddr
 .text.netif_set_gw
                0x000000000800cc98        0xc build/netif.o
                0x000000000800cc98                netif_set_gw
 .text.netif_set_netmask
                0x000000000800cca4        0xc build/netif.o
                0x000000000800cca4                netif_set_netmask
 .text.netif_set_addr
                0x000000000800ccb0       0x42 build/netif.o
                0x000000000800ccb0                netif_set_addr
 *fill*         0x000000000800ccf2        0x2 
 .text.netif_add
                0x000000000800ccf4       0x80 build/netif.o
                0x000000000800ccf4                netif_add
 .text.netif_set_default
                0x000000000800cd74        0xc build/netif.o
                0x000000000800cd74                netif_set_default
 .text.netif_set_up
                0x000000000800cd80       0x24 build/netif.o
                0x000000000800cd80                netif_set_up
 .text.netif_set_down
                0x000000000800cda4       0x22 build/netif.o
                0x000000000800cda4                netif_set_down
 .text.pbuf_skip_const
                0x000000000800cdc6       0x16 build/pbuf.o
 .text.pbuf_header_impl
                0x000000000800cddc       0xd0 build/pbuf.o
 .text.pbuf_pool_is_empty
                0x000000000800ceac       0x40 build/pbuf.o
 .text.pbuf_free_ooseq
                0x000000000800ceec       0x30 build/pbuf.o
 .text.pbuf_free_ooseq_callback
                0x000000000800cf1c        0x8 build/pbuf.o
 .text.pbuf_alloced_custom
                0x000000000800cf24       0x78 build/pbuf.o
                0x000000000800cf24                pbuf_alloced_custom
 .text.pbuf_header
                0x000000000800cf9c        0xa build/pbuf.o
                0x000000000800cf9c                pbuf_header
 .text.pbuf_header_force
                0x000000000800cfa6        0xa build/pbuf.o
                0x000000000800cfa6                pbuf_header_force
 .text.pbuf_free
                0x000000000800cfb0       0xd4 build/pbuf.o
                0x000000000800cfb0                pbuf_free
 .text.pbuf_alloc
                0x000000000800d084      0x1d0 build/pbuf.o
                0x000000000800d084                pbuf_alloc
 .text.pbuf_realloc
                0x000000000800d254       0xf0 build/pbuf.o
                0x000000000800d254                pbuf_realloc
 .text.pbuf_clen
                0x000000000800d344       0x12 build/pbuf.o
                0x000000000800d344                pbuf_clen
 *fill*         0x000000000800d356        0x2 
 .text.pbuf_ref
                0x000000000800d358       0x38 build/pbuf.o
                0x000000000800d358                pbuf_ref
 .text.pbuf_cat
                0x000000000800d390       0x74 build/pbuf.o
                0x000000000800d390                pbuf_cat
 .text.pbuf_chain
                0x000000000800d404       0x10 build/pbuf.o
                0x000000000800d404                pbuf_chain
 .text.pbuf_copy
                0x000000000800d414      0x130 build/pbuf.o
                0x000000000800d414                pbuf_copy
 .text.pbuf_copy_partial
                0x000000000800d544       0x8c build/pbuf.o
                0x000000000800d544                pbuf_copy_partial
 .text.pbuf_skip
                0x000000000800d5d0        0x8 build/pbuf.o
                0x000000000800d5d0                pbuf_skip
 .text.pbuf_take
                0x000000000800d5d8       0xc4 build/pbuf.o
                0x000000000800d5d8                pbuf_take
 .text.pbuf_take_at
                0x000000000800d69c       0x5c build/pbuf.o
                0x000000000800d69c                pbuf_take_at
 .text.pbuf_try_get_at
                0x000000000800d6f8       0x2e build/pbuf.o
                0x000000000800d6f8                pbuf_try_get_at
 .text.pbuf_put_at
                0x000000000800d726       0x22 build/pbuf.o
                0x000000000800d726                pbuf_put_at
 .text.do_memp_malloc_pool
                0x000000000800d748       0x48 build/memp.o
 .text.do_memp_free_pool
                0x000000000800d790       0x3c build/memp.o
 .text.memp_init_pool
                0x000000000800d7cc       0x28 build/memp.o
                0x000000000800d7cc                memp_init_pool
 .text.memp_init
                0x000000000800d7f4       0x20 build/memp.o
                0x000000000800d7f4                memp_init
 .text.memp_malloc
                0x000000000800d814       0x34 build/memp.o
                0x000000000800d814                memp_malloc
 .text.memp_free
                0x000000000800d848       0x34 build/memp.o
                0x000000000800d848                memp_free
 .text.tcp_remove_listener
                0x000000000800d87c       0x14 build/tcp.o
 .text.tcp_new_port
                0x000000000800d890       0x64 build/tcp.o
 .text.tcp_listen_closed
                0x000000000800d8f4       0x58 build/tcp.o
 .text.tcp_close_shutdown_fin
                0x000000000800d94c       0x88 build/tcp.o
 .text.tcp_init
                0x000000000800d9d4        0x2 build/tcp.o
                0x000000000800d9d4                tcp_init
 *fill*         0x000000000800d9d6        0x2 
 .text.tcp_bind
                0x000000000800d9d8       0xbc build/tcp.o
                0x000000000800d9d8                tcp_bind
 .text.tcp_update_rcv_ann_wnd
                0x000000000800da94       0x60 build/tcp.o
                0x000000000800da94                tcp_update_rcv_ann_wnd
 .text.tcp_recved
                0x000000000800daf4       0x84 build/tcp.o
                0x000000000800daf4                tcp_recved
 .text.tcp_seg_free
                0x000000000800db78       0x1a build/tcp.o
                0x000000000800db78                tcp_seg_free
 .text.tcp_segs_free
                0x000000000800db92       0x14 build/tcp.o
                0x000000000800db92                tcp_segs_free
 .text.tcp_seg_copy
                0x000000000800dba6       0x28 build/tcp.o
                0x000000000800dba6                tcp_seg_copy
 .text.tcp_arg  0x000000000800dbce        0x6 build/tcp.o
                0x000000000800dbce                tcp_arg
 .text.tcp_recv
                0x000000000800dbd4       0x34 build/tcp.o
                0x000000000800dbd4                tcp_recv
 .text.tcp_sent
                0x000000000800dc08       0x30 build/tcp.o
                0x000000000800dc08                tcp_sent
 .text.tcp_err  0x000000000800dc38       0x34 build/tcp.o
                0x000000000800dc38                tcp_err
 .text.tcp_accept
                0x000000000800dc6c        0xe build/tcp.o
                0x000000000800dc6c                tcp_accept
 *fill*         0x000000000800dc7a        0x2 
 .text.tcp_poll
                0x000000000800dc7c       0x34 build/tcp.o
                0x000000000800dc7c                tcp_poll
 .text.tcp_pcb_purge
                0x000000000800dcb0       0x42 build/tcp.o
                0x000000000800dcb0                tcp_pcb_purge
 *fill*         0x000000000800dcf2        0x2 
 .text.tcp_slowtmr
                0x000000000800dcf4      0x408 build/tcp.o
                0x000000000800dcf4                tcp_slowtmr
 .text.tcp_pcb_remove
                0x000000000800e0fc       0xa4 build/tcp.o
                0x000000000800e0fc                tcp_pcb_remove
 .text.tcp_close_shutdown
                0x000000000800e1a0      0x154 build/tcp.o
 .text.tcp_close
                0x000000000800e2f4       0x18 build/tcp.o
                0x000000000800e2f4                tcp_close
 .text.tcp_recv_null
                0x000000000800e30c       0x24 build/tcp.o
                0x000000000800e30c                tcp_recv_null
 .text.tcp_process_refused_data
                0x000000000800e330       0x6a build/tcp.o
                0x000000000800e330                tcp_process_refused_data
 *fill*         0x000000000800e39a        0x2 
 .text.tcp_fasttmr
                0x000000000800e39c       0x80 build/tcp.o
                0x000000000800e39c                tcp_fasttmr
 .text.tcp_tmr  0x000000000800e41c       0x24 build/tcp.o
                0x000000000800e41c                tcp_tmr
 .text.tcp_shutdown
                0x000000000800e440       0x58 build/tcp.o
                0x000000000800e440                tcp_shutdown
 .text.tcp_abandon
                0x000000000800e498       0xf8 build/tcp.o
                0x000000000800e498                tcp_abandon
 .text.tcp_abort
                0x000000000800e590        0xa build/tcp.o
                0x000000000800e590                tcp_abort
 *fill*         0x000000000800e59a        0x2 
 .text.tcp_kill_timewait
                0x000000000800e59c       0x34 build/tcp.o
 .text.tcp_kill_prio
                0x000000000800e5d0       0x44 build/tcp.o
 .text.tcp_netif_ip_addr_changed_pcblist
                0x000000000800e614       0x20 build/tcp.o
 .text.tcp_kill_state
                0x000000000800e634       0x64 build/tcp.o
 .text.tcp_alloc
                0x000000000800e698       0xc0 build/tcp.o
                0x000000000800e698                tcp_alloc
 .text.tcp_new_ip_type
                0x000000000800e758        0xa build/tcp.o
                0x000000000800e758                tcp_new_ip_type
 *fill*         0x000000000800e762        0x2 
 .text.tcp_next_iss
                0x000000000800e764       0x18 build/tcp.o
                0x000000000800e764                tcp_next_iss
 .text.tcp_eff_send_mss_impl
                0x000000000800e77c       0x1e build/tcp.o
                0x000000000800e77c                tcp_eff_send_mss_impl
 *fill*         0x000000000800e79a        0x2 
 .text.tcp_connect
                0x000000000800e79c      0x120 build/tcp.o
                0x000000000800e79c                tcp_connect
 .text.tcp_netif_ip_addr_changed
                0x000000000800e8bc       0x54 build/tcp.o
                0x000000000800e8bc                tcp_netif_ip_addr_changed
 .text.tcp_getoptbyte
                0x000000000800e910       0x4c build/tcp_in.o
 .text.tcp_parseopt
                0x000000000800e95c       0x84 build/tcp_in.o
 .text.tcp_input_delayed_close
                0x000000000800e9e0       0x44 build/tcp_in.o
 .text.tcp_timewait_input
                0x000000000800ea24       0x90 build/tcp_in.o
 .text.tcp_listen_input
                0x000000000800eab4      0x118 build/tcp_in.o
 .text.tcp_oos_insert_segment
                0x000000000800ebcc       0x88 build/tcp_in.o
 .text.tcp_receive
                0x000000000800ec54      0xa1c build/tcp_in.o
 .text.tcp_process
                0x000000000800f670      0x528 build/tcp_in.o
 .text.tcp_input
                0x000000000800fb98      0x52c build/tcp_in.o
                0x000000000800fb98                tcp_input
 .text.tcp_trigger_input_pcb_close
                0x00000000080100c4       0x10 build/tcp_in.o
                0x00000000080100c4                tcp_trigger_input_pcb_close
 .text.lwip_init
                0x00000000080100d4       0x24 build/init.o
                0x00000000080100d4                lwip_init
 .text.plug_holes
                0x00000000080100f8       0xe0 build/mem.o
 .text.mem_init
                0x00000000080101d8       0x68 build/mem.o
                0x00000000080101d8                mem_init
 .text.mem_free
                0x0000000008010240       0xbc build/mem.o
                0x0000000008010240                mem_free
 .text.mem_trim
                0x00000000080102fc      0x138 build/mem.o
                0x00000000080102fc                mem_trim
 .text.mem_malloc
                0x0000000008010434      0x154 build/mem.o
                0x0000000008010434                mem_malloc
 .text.tcp_write_checks
                0x0000000008010588       0xa4 build/tcp_out.o
 .text.tcp_pbuf_prealloc
                0x000000000801062c       0x80 build/tcp_out.o
 .text.tcp_create_segment
                0x00000000080106ac       0xbc build/tcp_out.o
 .text.tcp_output_alloc_header
                0x0000000008010768       0x94 build/tcp_out.o
 .text.tcp_output_segment
                0x00000000080107fc       0xbc build/tcp_out.o
 .text.tcp_write
                0x00000000080108b8      0x520 build/tcp_out.o
                0x00000000080108b8                tcp_write
 .text.tcp_enqueue_flags
                0x0000000008010dd8      0x158 build/tcp_out.o
                0x0000000008010dd8                tcp_enqueue_flags
 .text.tcp_send_fin
                0x0000000008010f30       0x46 build/tcp_out.o
                0x0000000008010f30                tcp_send_fin
 .text.tcp_send_empty_ack
                0x0000000008010f76       0x72 build/tcp_out.o
                0x0000000008010f76                tcp_send_empty_ack
 .text.tcp_output
                0x0000000008010fe8      0x280 build/tcp_out.o
                0x0000000008010fe8                tcp_output
 .text.tcp_rst  0x0000000008011268       0xac build/tcp_out.o
                0x0000000008011268                tcp_rst
 .text.tcp_rexmit_rto
                0x0000000008011314       0x36 build/tcp_out.o
                0x0000000008011314                tcp_rexmit_rto
 .text.tcp_rexmit
                0x000000000801134a       0x54 build/tcp_out.o
                0x000000000801134a                tcp_rexmit
 .text.tcp_rexmit_fast
                0x000000000801139e       0x56 build/tcp_out.o
                0x000000000801139e                tcp_rexmit_fast
 .text.tcp_keepalive
                0x00000000080113f4       0x58 build/tcp_out.o
                0x00000000080113f4                tcp_keepalive
 .text.tcp_zero_window_probe
                0x000000000801144c       0xd4 build/tcp_out.o
                0x000000000801144c                tcp_zero_window_probe
 .text.udp_new_port
                0x0000000008011520       0x4c build/udp.o
 .text.udp_input_local_match
                0x000000000801156c       0x50 build/udp.o
 .text.udp_init
                0x00000000080115bc        0x2 build/udp.o
                0x00000000080115bc                udp_init
 *fill*         0x00000000080115be        0x2 
 .text.udp_input
                0x00000000080115c0      0x134 build/udp.o
                0x00000000080115c0                udp_input
 .text.udp_bind
                0x00000000080116f4       0x80 build/udp.o
                0x00000000080116f4                udp_bind
 .text.udp_sendto_if_src
                0x0000000008011774       0xcc build/udp.o
                0x0000000008011774                udp_sendto_if_src
 .text.udp_sendto_if
                0x0000000008011840       0x44 build/udp.o
                0x0000000008011840                udp_sendto_if
 .text.udp_sendto
                0x0000000008011884       0x3c build/udp.o
                0x0000000008011884                udp_sendto
 .text.udp_send
                0x00000000080118c0       0x14 build/udp.o
                0x00000000080118c0                udp_send
 .text.udp_connect
                0x00000000080118d4       0x60 build/udp.o
                0x00000000080118d4                udp_connect
 .text.udp_disconnect
                0x0000000008011934       0x10 build/udp.o
                0x0000000008011934                udp_disconnect
 .text.udp_recv
                0x0000000008011944        0x6 build/udp.o
                0x0000000008011944                udp_recv
 *fill*         0x000000000801194a        0x2 
 .text.udp_remove
                0x000000000801194c       0x38 build/udp.o
                0x000000000801194c                udp_remove
 .text.udp_new  0x0000000008011984       0x1c build/udp.o
                0x0000000008011984                udp_new
 .text.udp_new_ip_type
                0x00000000080119a0        0x8 build/udp.o
                0x00000000080119a0                udp_new_ip_type
 .text.udp_netif_ip_addr_changed
                0x00000000080119a8       0x38 build/udp.o
                0x00000000080119a8                udp_netif_ip_addr_changed
 .text.dns_create_txid
                0x00000000080119e0       0x38 build/dns.o
 .text.dns_call_found
                0x0000000008011a18       0xe0 build/dns.o
 .text.dns_correct_response
                0x0000000008011af8       0x64 build/dns.o
 .text.dns_send
                0x0000000008011b5c      0x178 build/dns.o
 .text.dns_check_entry
                0x0000000008011cd4      0x130 build/dns.o
 .text.dns_check_entries
                0x0000000008011e04       0x16 build/dns.o
 *fill*         0x0000000008011e1a        0x2 
 .text.dns_lookup
                0x0000000008011e1c       0x58 build/dns.o
 .text.dns_alloc_random_port
                0x0000000008011e74       0x48 build/dns.o
 .text.dns_alloc_pcb
                0x0000000008011ebc       0x6c build/dns.o
 .text.dns_enqueue
                0x0000000008011f28      0x194 build/dns.o
 .text.dns_compare_name
                0x00000000080120bc       0x82 build/dns.o
 .text.dns_skip_name
                0x000000000801213e       0x56 build/dns.o
 .text.dns_recv
                0x0000000008012194      0x1cc build/dns.o
 .text.dns_init
                0x0000000008012360        0x2 build/dns.o
                0x0000000008012360                dns_init
 *fill*         0x0000000008012362        0x2 
 .text.dns_setserver
                0x0000000008012364       0x28 build/dns.o
                0x0000000008012364                dns_setserver
 .text.dns_tmr  0x000000000801238c        0x8 build/dns.o
                0x000000000801238c                dns_tmr
 .text.dns_gethostbyname_addrtype
                0x0000000008012394       0x78 build/dns.o
                0x0000000008012394                dns_gethostbyname_addrtype
 .text.ip4_route
                0x000000000801240c       0xa8 build/ip4.o
                0x000000000801240c                ip4_route
 .text.ip4_input
                0x00000000080124b4      0x1c0 build/ip4.o
                0x00000000080124b4                ip4_input
 .text.ip4_output_if_src
                0x0000000008012674       0xf8 build/ip4.o
                0x0000000008012674                ip4_output_if_src
 .text.ip4_output_if
                0x000000000801276c       0x2a build/ip4.o
                0x000000000801276c                ip4_output_if
 *fill*         0x0000000008012796        0x2 
 .text.etharp_free_entry
                0x0000000008012798       0x34 build/etharp.o
 .text.etharp_find_entry
                0x00000000080127cc      0x1a4 build/etharp.o
 .text.etharp_update_arp_entry
                0x0000000008012970       0xc8 build/etharp.o
 .text.etharp_raw
                0x0000000008012a38       0xe4 build/etharp.o
 .text.etharp_request_dst
                0x0000000008012b1c       0x28 build/etharp.o
 .text.etharp_cleanup_netif
                0x0000000008012b44       0x38 build/etharp.o
                0x0000000008012b44                etharp_cleanup_netif
 .text.etharp_input
                0x0000000008012b7c       0xc8 build/etharp.o
                0x0000000008012b7c                etharp_input
 .text.etharp_request
                0x0000000008012c44       0x10 build/etharp.o
                0x0000000008012c44                etharp_request
 .text.etharp_tmr
                0x0000000008012c54       0x90 build/etharp.o
                0x0000000008012c54                etharp_tmr
 .text.etharp_output_to_arp_index
                0x0000000008012ce4       0xd4 build/etharp.o
 .text.etharp_query
                0x0000000008012db8      0x1c0 build/etharp.o
                0x0000000008012db8                etharp_query
 .text.etharp_output
                0x0000000008012f78      0x158 build/etharp.o
                0x0000000008012f78                etharp_output
 .text.dhcp_set_state
                0x00000000080130d0       0x10 build/dhcp.o
 .text.dhcp_option_short
                0x00000000080130e0       0x4c build/dhcp.o
 .text.dhcp_option
                0x000000000801312c       0x4c build/dhcp.o
 .text.dhcp_option_byte
                0x0000000008013178       0x38 build/dhcp.o
 .text.dhcp_option_trailer
                0x00000000080131b0       0x88 build/dhcp.o
 .text.dhcp_option_long
                0x0000000008013238       0x70 build/dhcp.o
 .text.dhcp_create_msg
                0x00000000080132a8      0x1f0 build/dhcp.o
 .text.dhcp_delete_msg
                0x0000000008013498       0x64 build/dhcp.o
 .text.dhcp_discover
                0x00000000080134fc       0xcc build/dhcp.o
 .text.dhcp_select
                0x00000000080135c8       0xf8 build/dhcp.o
 .text.dhcp_handle_offer
                0x00000000080136c0       0x2c build/dhcp.o
 .text.dhcp_decline
                0x00000000080136ec       0x84 build/dhcp.o
 .text.dhcp_rebind
                0x0000000008013770       0xc4 build/dhcp.o
 .text.dhcp_t2_timeout
                0x0000000008013834       0x2e build/dhcp.o
 *fill*         0x0000000008013862        0x2 
 .text.dhcp_reboot
                0x0000000008013864       0xe0 build/dhcp.o
 .text.dhcp_check
                0x0000000008013944       0x2a build/dhcp.o
 *fill*         0x000000000801396e        0x2 
 .text.dhcp_bind
                0x0000000008013970      0x128 build/dhcp.o
 .text.dhcp_handle_nak
                0x0000000008013a98       0x24 build/dhcp.o
 .text.dhcp_dec_pcb_refcount
                0x0000000008013abc       0x48 build/dhcp.o
 .text.dhcp_inc_pcb_refcount
                0x0000000008013b04       0x7c build/dhcp.o
 .text.dhcp_parse_reply
                0x0000000008013b80      0x4b0 build/dhcp.o
 .text.dhcp_handle_ack
                0x0000000008014030       0xac build/dhcp.o
 .text.dhcp_recv
                0x00000000080140dc      0x118 build/dhcp.o
 .text.dhcp_arp_reply
                0x00000000080141f4       0x40 build/dhcp.o
                0x00000000080141f4                dhcp_arp_reply
 .text.dhcp_renew
                0x0000000008014234       0xc4 build/dhcp.o
                0x0000000008014234                dhcp_renew
 .text.dhcp_t1_timeout
                0x00000000080142f8       0x2a build/dhcp.o
 *fill*         0x0000000008014322        0x2 
 .text.dhcp_stop
                0x0000000008014324       0x54 build/dhcp.o
                0x0000000008014324                dhcp_stop
 .text.dhcp_start
                0x0000000008014378       0xdc build/dhcp.o
                0x0000000008014378                dhcp_start
 .text.dhcp_supplied_address
                0x0000000008014454       0x2e build/dhcp.o
                0x0000000008014454                dhcp_supplied_address
 *fill*         0x0000000008014482        0x2 
 .text.dhcp_release
                0x0000000008014484       0xb0 build/dhcp.o
                0x0000000008014484                dhcp_release
 .text.dhcp_coarse_tmr
                0x0000000008014534       0x64 build/dhcp.o
                0x0000000008014534                dhcp_coarse_tmr
 .text.dhcp_timeout
                0x0000000008014598       0x60 build/dhcp.o
 .text.dhcp_fine_tmr
                0x00000000080145f8       0x34 build/dhcp.o
                0x00000000080145f8                dhcp_fine_tmr
 .text.ip_reass_dequeue_datagram
                0x000000000801462c       0x48 build/ip4_frag.o
 .text.ip_reass_free_complete_datagram
                0x0000000008014674       0xf8 build/ip4_frag.o
 .text.ip_reass_remove_oldest_datagram
                0x000000000801476c       0x7c build/ip4_frag.o
 .text.ip_frag_free_pbuf_custom_ref
                0x00000000080147e8       0x2c build/ip4_frag.o
 .text.ipfrag_free_pbuf_custom
                0x0000000008014814       0x34 build/ip4_frag.o
 .text.ip_reass_chain_frag_into_datagram_and_validate
                0x0000000008014848      0x190 build/ip4_frag.o
 .text.ip_frag_alloc_pbuf_custom_ref
                0x00000000080149d8        0xa build/ip4_frag.o
 *fill*         0x00000000080149e2        0x2 
 .text.ip_reass_enqueue_new_datagram
                0x00000000080149e4       0x64 build/ip4_frag.o
 .text.ip_reass_tmr
                0x0000000008014a48       0x2c build/ip4_frag.o
                0x0000000008014a48                ip_reass_tmr